Archive member included to satisfy reference by file (symbol)

c:/st/stm32cubeide_1.10.1/stm32cubeide/plugins/com.st.stm32cube.ide.mcu.externaltools.gnu-tools-for-stm32.10.3-2021.10.win32_1.0.200.202301161003/tools/bin/../lib/gcc/arm-none-eabi/10.3.1/../../../../arm-none-eabi/lib/thumb/v7e-m+fp/hard\libc_nano.a(lib_a-errno.o)
                              ./Src/syscalls.o (__errno)
c:/st/stm32cubeide_1.10.1/stm32cubeide/plugins/com.st.stm32cube.ide.mcu.externaltools.gnu-tools-for-stm32.10.3-2021.10.win32_1.0.200.202301161003/tools/bin/../lib/gcc/arm-none-eabi/10.3.1/../../../../arm-none-eabi/lib/thumb/v7e-m+fp/hard\libc_nano.a(lib_a-exit.o)
                              c:/st/stm32cubeide_1.10.1/stm32cubeide/plugins/com.st.stm32cube.ide.mcu.externaltools.gnu-tools-for-stm32.10.3-2021.10.win32_1.0.200.202301161003/tools/bin/../lib/gcc/arm-none-eabi/10.3.1/../../../../arm-none-eabi/lib/thumb/v7e-m+fp/hard/crt0.o (exit)
c:/st/stm32cubeide_1.10.1/stm32cubeide/plugins/com.st.stm32cube.ide.mcu.externaltools.gnu-tools-for-stm32.10.3-2021.10.win32_1.0.200.202301161003/tools/bin/../lib/gcc/arm-none-eabi/10.3.1/../../../../arm-none-eabi/lib/thumb/v7e-m+fp/hard\libc_nano.a(lib_a-impure.o)
                              c:/st/stm32cubeide_1.10.1/stm32cubeide/plugins/com.st.stm32cube.ide.mcu.externaltools.gnu-tools-for-stm32.10.3-2021.10.win32_1.0.200.202301161003/tools/bin/../lib/gcc/arm-none-eabi/10.3.1/../../../../arm-none-eabi/lib/thumb/v7e-m+fp/hard\libc_nano.a(lib_a-exit.o) (_global_impure_ptr)
c:/st/stm32cubeide_1.10.1/stm32cubeide/plugins/com.st.stm32cube.ide.mcu.externaltools.gnu-tools-for-stm32.10.3-2021.10.win32_1.0.200.202301161003/tools/bin/../lib/gcc/arm-none-eabi/10.3.1/../../../../arm-none-eabi/lib/thumb/v7e-m+fp/hard\libc_nano.a(lib_a-init.o)
                              c:/st/stm32cubeide_1.10.1/stm32cubeide/plugins/com.st.stm32cube.ide.mcu.externaltools.gnu-tools-for-stm32.10.3-2021.10.win32_1.0.200.202301161003/tools/bin/../lib/gcc/arm-none-eabi/10.3.1/../../../../arm-none-eabi/lib/thumb/v7e-m+fp/hard/crt0.o (__libc_init_array)
c:/st/stm32cubeide_1.10.1/stm32cubeide/plugins/com.st.stm32cube.ide.mcu.externaltools.gnu-tools-for-stm32.10.3-2021.10.win32_1.0.200.202301161003/tools/bin/../lib/gcc/arm-none-eabi/10.3.1/../../../../arm-none-eabi/lib/thumb/v7e-m+fp/hard\libc_nano.a(lib_a-memset.o)
                              c:/st/stm32cubeide_1.10.1/stm32cubeide/plugins/com.st.stm32cube.ide.mcu.externaltools.gnu-tools-for-stm32.10.3-2021.10.win32_1.0.200.202301161003/tools/bin/../lib/gcc/arm-none-eabi/10.3.1/../../../../arm-none-eabi/lib/thumb/v7e-m+fp/hard/crt0.o (memset)

Discarded input sections

 .text          0x0000000000000000        0x0 c:/st/stm32cubeide_1.10.1/stm32cubeide/plugins/com.st.stm32cube.ide.mcu.externaltools.gnu-tools-for-stm32.10.3-2021.10.win32_1.0.200.202301161003/tools/bin/../lib/gcc/arm-none-eabi/10.3.1/thumb/v7e-m+fp/hard/crti.o
 .data          0x0000000000000000        0x0 c:/st/stm32cubeide_1.10.1/stm32cubeide/plugins/com.st.stm32cube.ide.mcu.externaltools.gnu-tools-for-stm32.10.3-2021.10.win32_1.0.200.202301161003/tools/bin/../lib/gcc/arm-none-eabi/10.3.1/thumb/v7e-m+fp/hard/crti.o
 .bss           0x0000000000000000        0x0 c:/st/stm32cubeide_1.10.1/stm32cubeide/plugins/com.st.stm32cube.ide.mcu.externaltools.gnu-tools-for-stm32.10.3-2021.10.win32_1.0.200.202301161003/tools/bin/../lib/gcc/arm-none-eabi/10.3.1/thumb/v7e-m+fp/hard/crti.o
 .data          0x0000000000000000        0x4 c:/st/stm32cubeide_1.10.1/stm32cubeide/plugins/com.st.stm32cube.ide.mcu.externaltools.gnu-tools-for-stm32.10.3-2021.10.win32_1.0.200.202301161003/tools/bin/../lib/gcc/arm-none-eabi/10.3.1/thumb/v7e-m+fp/hard/crtbegin.o
 .rodata        0x0000000000000000       0x24 c:/st/stm32cubeide_1.10.1/stm32cubeide/plugins/com.st.stm32cube.ide.mcu.externaltools.gnu-tools-for-stm32.10.3-2021.10.win32_1.0.200.202301161003/tools/bin/../lib/gcc/arm-none-eabi/10.3.1/thumb/v7e-m+fp/hard/crtbegin.o
 .text          0x0000000000000000       0x7c c:/st/stm32cubeide_1.10.1/stm32cubeide/plugins/com.st.stm32cube.ide.mcu.externaltools.gnu-tools-for-stm32.10.3-2021.10.win32_1.0.200.202301161003/tools/bin/../lib/gcc/arm-none-eabi/10.3.1/../../../../arm-none-eabi/lib/thumb/v7e-m+fp/hard/crt0.o
 .data          0x0000000000000000        0x0 c:/st/stm32cubeide_1.10.1/stm32cubeide/plugins/com.st.stm32cube.ide.mcu.externaltools.gnu-tools-for-stm32.10.3-2021.10.win32_1.0.200.202301161003/tools/bin/../lib/gcc/arm-none-eabi/10.3.1/../../../../arm-none-eabi/lib/thumb/v7e-m+fp/hard/crt0.o
 .bss           0x0000000000000000        0x0 c:/st/stm32cubeide_1.10.1/stm32cubeide/plugins/com.st.stm32cube.ide.mcu.externaltools.gnu-tools-for-stm32.10.3-2021.10.win32_1.0.200.202301161003/tools/bin/../lib/gcc/arm-none-eabi/10.3.1/../../../../arm-none-eabi/lib/thumb/v7e-m+fp/hard/crt0.o
 .ARM.extab     0x0000000000000000        0x0 c:/st/stm32cubeide_1.10.1/stm32cubeide/plugins/com.st.stm32cube.ide.mcu.externaltools.gnu-tools-for-stm32.10.3-2021.10.win32_1.0.200.202301161003/tools/bin/../lib/gcc/arm-none-eabi/10.3.1/../../../../arm-none-eabi/lib/thumb/v7e-m+fp/hard/crt0.o
 .ARM.exidx     0x0000000000000000       0x10 c:/st/stm32cubeide_1.10.1/stm32cubeide/plugins/com.st.stm32cube.ide.mcu.externaltools.gnu-tools-for-stm32.10.3-2021.10.win32_1.0.200.202301161003/tools/bin/../lib/gcc/arm-none-eabi/10.3.1/../../../../arm-none-eabi/lib/thumb/v7e-m+fp/hard/crt0.o
 .ARM.attributes
                0x0000000000000000       0x1c c:/st/stm32cubeide_1.10.1/stm32cubeide/plugins/com.st.stm32cube.ide.mcu.externaltools.gnu-tools-for-stm32.10.3-2021.10.win32_1.0.200.202301161003/tools/bin/../lib/gcc/arm-none-eabi/10.3.1/../../../../arm-none-eabi/lib/thumb/v7e-m+fp/hard/crt0.o
 .group         0x0000000000000000        0xc ./Drivers/Src/LCD_Source_file.o
 .group         0x0000000000000000        0xc ./Drivers/Src/LCD_Source_file.o
 .group         0x0000000000000000        0xc ./Drivers/Src/LCD_Source_file.o
 .group         0x0000000000000000        0xc ./Drivers/Src/LCD_Source_file.o
 .group         0x0000000000000000        0xc ./Drivers/Src/LCD_Source_file.o
 .group         0x0000000000000000        0xc ./Drivers/Src/LCD_Source_file.o
 .group         0x0000000000000000        0xc ./Drivers/Src/LCD_Source_file.o
 .group         0x0000000000000000        0xc ./Drivers/Src/LCD_Source_file.o
 .group         0x0000000000000000        0xc ./Drivers/Src/LCD_Source_file.o
 .group         0x0000000000000000        0xc ./Drivers/Src/LCD_Source_file.o
 .group         0x0000000000000000        0xc ./Drivers/Src/LCD_Source_file.o
 .group         0x0000000000000000        0xc ./Drivers/Src/LCD_Source_file.o
 .group         0x0000000000000000        0xc ./Drivers/Src/LCD_Source_file.o
 .text          0x0000000000000000        0x0 ./Drivers/Src/LCD_Source_file.o
 .data          0x0000000000000000        0x0 ./Drivers/Src/LCD_Source_file.o
 .bss           0x0000000000000000        0x0 ./Drivers/Src/LCD_Source_file.o
 .group         0x0000000000000000        0xc ./Drivers/Src/stm32f407xx_gpio_driver.o
 .group         0x0000000000000000        0xc ./Drivers/Src/stm32f407xx_gpio_driver.o
 .group         0x0000000000000000        0xc ./Drivers/Src/stm32f407xx_gpio_driver.o
 .group         0x0000000000000000        0xc ./Drivers/Src/stm32f407xx_gpio_driver.o
 .group         0x0000000000000000        0xc ./Drivers/Src/stm32f407xx_gpio_driver.o
 .group         0x0000000000000000        0xc ./Drivers/Src/stm32f407xx_gpio_driver.o
 .group         0x0000000000000000        0xc ./Drivers/Src/stm32f407xx_gpio_driver.o
 .group         0x0000000000000000        0xc ./Drivers/Src/stm32f407xx_gpio_driver.o
 .group         0x0000000000000000        0xc ./Drivers/Src/stm32f407xx_gpio_driver.o
 .group         0x0000000000000000        0xc ./Drivers/Src/stm32f407xx_gpio_driver.o
 .group         0x0000000000000000        0xc ./Drivers/Src/stm32f407xx_gpio_driver.o
 .group         0x0000000000000000        0xc ./Drivers/Src/stm32f407xx_gpio_driver.o
 .group         0x0000000000000000        0xc ./Drivers/Src/stm32f407xx_gpio_driver.o
 .text          0x0000000000000000        0x0 ./Drivers/Src/stm32f407xx_gpio_driver.o
 .data          0x0000000000000000        0x0 ./Drivers/Src/stm32f407xx_gpio_driver.o
 .bss           0x0000000000000000        0x0 ./Drivers/Src/stm32f407xx_gpio_driver.o
 .text.GPIO_DeInit
                0x0000000000000000      0x16c ./Drivers/Src/stm32f407xx_gpio_driver.o
 .text.GPIO_ReadFromInputPort
                0x0000000000000000       0x1c ./Drivers/Src/stm32f407xx_gpio_driver.o
 .text.GPIO_WriteToOutputPort
                0x0000000000000000       0x1e ./Drivers/Src/stm32f407xx_gpio_driver.o
 .text.GPIO_ToggleOutputPin
                0x0000000000000000       0x2a ./Drivers/Src/stm32f407xx_gpio_driver.o
 .text.GPIO_IRQInterruptConfig
                0x0000000000000000       0xf0 ./Drivers/Src/stm32f407xx_gpio_driver.o
 .text.GPIO_IRQPriorityConfig
                0x0000000000000000       0x54 ./Drivers/Src/stm32f407xx_gpio_driver.o
 .text.GPIO_IRQHandling
                0x0000000000000000       0x40 ./Drivers/Src/stm32f407xx_gpio_driver.o
 .debug_macro   0x0000000000000000      0xa84 ./Drivers/Src/stm32f407xx_gpio_driver.o
 .debug_macro   0x0000000000000000       0x22 ./Drivers/Src/stm32f407xx_gpio_driver.o
 .debug_macro   0x0000000000000000       0x8e ./Drivers/Src/stm32f407xx_gpio_driver.o
 .debug_macro   0x0000000000000000       0x51 ./Drivers/Src/stm32f407xx_gpio_driver.o
 .debug_macro   0x0000000000000000      0x103 ./Drivers/Src/stm32f407xx_gpio_driver.o
 .debug_macro   0x0000000000000000       0x6a ./Drivers/Src/stm32f407xx_gpio_driver.o
 .debug_macro   0x0000000000000000      0x1df ./Drivers/Src/stm32f407xx_gpio_driver.o
 .debug_macro   0x0000000000000000      0x174 ./Drivers/Src/stm32f407xx_gpio_driver.o
 .debug_macro   0x0000000000000000      0x73e ./Drivers/Src/stm32f407xx_gpio_driver.o
 .debug_macro   0x0000000000000000       0xee ./Drivers/Src/stm32f407xx_gpio_driver.o
 .debug_macro   0x0000000000000000      0x106 ./Drivers/Src/stm32f407xx_gpio_driver.o
 .debug_macro   0x0000000000000000       0xc4 ./Drivers/Src/stm32f407xx_gpio_driver.o
 .group         0x0000000000000000        0xc ./Drivers/Src/stm32f407xx_i2c_driver.o
 .group         0x0000000000000000        0xc ./Drivers/Src/stm32f407xx_i2c_driver.o
 .group         0x0000000000000000        0xc ./Drivers/Src/stm32f407xx_i2c_driver.o
 .group         0x0000000000000000        0xc ./Drivers/Src/stm32f407xx_i2c_driver.o
 .group         0x0000000000000000        0xc ./Drivers/Src/stm32f407xx_i2c_driver.o
 .group         0x0000000000000000        0xc ./Drivers/Src/stm32f407xx_i2c_driver.o
 .group         0x0000000000000000        0xc ./Drivers/Src/stm32f407xx_i2c_driver.o
 .group         0x0000000000000000        0xc ./Drivers/Src/stm32f407xx_i2c_driver.o
 .group         0x0000000000000000        0xc ./Drivers/Src/stm32f407xx_i2c_driver.o
 .group         0x0000000000000000        0xc ./Drivers/Src/stm32f407xx_i2c_driver.o
 .group         0x0000000000000000        0xc ./Drivers/Src/stm32f407xx_i2c_driver.o
 .group         0x0000000000000000        0xc ./Drivers/Src/stm32f407xx_i2c_driver.o
 .group         0x0000000000000000        0xc ./Drivers/Src/stm32f407xx_i2c_driver.o
 .text          0x0000000000000000        0x0 ./Drivers/Src/stm32f407xx_i2c_driver.o
 .data          0x0000000000000000        0x0 ./Drivers/Src/stm32f407xx_i2c_driver.o
 .bss           0x0000000000000000        0x0 ./Drivers/Src/stm32f407xx_i2c_driver.o
 .text.I2C_PeriClockControl
                0x0000000000000000       0xb0 ./Drivers/Src/stm32f407xx_i2c_driver.o
 .text.I2C_GetFlagStatus
                0x0000000000000000       0x2a ./Drivers/Src/stm32f407xx_i2c_driver.o
 .text.I2C_PeripheralControl
                0x0000000000000000       0x3e ./Drivers/Src/stm32f407xx_i2c_driver.o
 .text.I2C_AckControl
                0x0000000000000000       0x38 ./Drivers/Src/stm32f407xx_i2c_driver.o
 .text.I2C_Init
                0x0000000000000000      0x158 ./Drivers/Src/stm32f407xx_i2c_driver.o
 .text.I2C_DeInit
                0x0000000000000000       0x88 ./Drivers/Src/stm32f407xx_i2c_driver.o
 .text.I2C_MasterSendData
                0x0000000000000000       0xe6 ./Drivers/Src/stm32f407xx_i2c_driver.o
 .text.I2C_MasterReceiveData
                0x0000000000000000      0x156 ./Drivers/Src/stm32f407xx_i2c_driver.o
 .text.I2C_SlaveSendData
                0x0000000000000000       0x1e ./Drivers/Src/stm32f407xx_i2c_driver.o
 .text.I2C_SlaveReceiveData
                0x0000000000000000       0x1a ./Drivers/Src/stm32f407xx_i2c_driver.o
 .text.I2C_MasterSendDataIT
                0x0000000000000000       0x90 ./Drivers/Src/stm32f407xx_i2c_driver.o
 .text.I2C_MasterReceiveDataIT
                0x0000000000000000       0x96 ./Drivers/Src/stm32f407xx_i2c_driver.o
 .text.I2C_EV_IRQHandling
                0x0000000000000000      0x2a2 ./Drivers/Src/stm32f407xx_i2c_driver.o
 .text.I2C_ER_IRQHandling
                0x0000000000000000      0x10c ./Drivers/Src/stm32f407xx_i2c_driver.o
 .text.I2C_SlaveEnableDisableCallbackEventd
                0x0000000000000000       0x86 ./Drivers/Src/stm32f407xx_i2c_driver.o
 .text.I2C_IRQInterruptConfig
                0x0000000000000000      0x10c ./Drivers/Src/stm32f407xx_i2c_driver.o
 .text.I2C_IRQPriorityConfig
                0x0000000000000000       0x54 ./Drivers/Src/stm32f407xx_i2c_driver.o
 .text.I2C_CloseReciveData
                0x0000000000000000       0x64 ./Drivers/Src/stm32f407xx_i2c_driver.o
 .text.I2C_CloseSendData
                0x0000000000000000       0x46 ./Drivers/Src/stm32f407xx_i2c_driver.o
 .text.I2C_ClearAddrFlag
                0x0000000000000000       0x76 ./Drivers/Src/stm32f407xx_i2c_driver.o
 .text.I2C_ApplicationEventCallback
                0x0000000000000000       0x18 ./Drivers/Src/stm32f407xx_i2c_driver.o
 .debug_info    0x0000000000000000      0xa11 ./Drivers/Src/stm32f407xx_i2c_driver.o
 .debug_abbrev  0x0000000000000000      0x204 ./Drivers/Src/stm32f407xx_i2c_driver.o
 .debug_aranges
                0x0000000000000000       0xc0 ./Drivers/Src/stm32f407xx_i2c_driver.o
 .debug_ranges  0x0000000000000000       0xb0 ./Drivers/Src/stm32f407xx_i2c_driver.o
 .debug_macro   0x0000000000000000       0xd1 ./Drivers/Src/stm32f407xx_i2c_driver.o
 .debug_macro   0x0000000000000000      0xa84 ./Drivers/Src/stm32f407xx_i2c_driver.o
 .debug_macro   0x0000000000000000       0x22 ./Drivers/Src/stm32f407xx_i2c_driver.o
 .debug_macro   0x0000000000000000       0x8e ./Drivers/Src/stm32f407xx_i2c_driver.o
 .debug_macro   0x0000000000000000       0x51 ./Drivers/Src/stm32f407xx_i2c_driver.o
 .debug_macro   0x0000000000000000      0x103 ./Drivers/Src/stm32f407xx_i2c_driver.o
 .debug_macro   0x0000000000000000       0x6a ./Drivers/Src/stm32f407xx_i2c_driver.o
 .debug_macro   0x0000000000000000      0x1df ./Drivers/Src/stm32f407xx_i2c_driver.o
 .debug_macro   0x0000000000000000      0x174 ./Drivers/Src/stm32f407xx_i2c_driver.o
 .debug_macro   0x0000000000000000      0x73e ./Drivers/Src/stm32f407xx_i2c_driver.o
 .debug_macro   0x0000000000000000       0xc4 ./Drivers/Src/stm32f407xx_i2c_driver.o
 .debug_macro   0x0000000000000000       0xc4 ./Drivers/Src/stm32f407xx_i2c_driver.o
 .debug_macro   0x0000000000000000      0x106 ./Drivers/Src/stm32f407xx_i2c_driver.o
 .debug_macro   0x0000000000000000       0xee ./Drivers/Src/stm32f407xx_i2c_driver.o
 .debug_line    0x0000000000000000      0xdd6 ./Drivers/Src/stm32f407xx_i2c_driver.o
 .debug_str     0x0000000000000000     0x71d9 ./Drivers/Src/stm32f407xx_i2c_driver.o
 .comment       0x0000000000000000       0x51 ./Drivers/Src/stm32f407xx_i2c_driver.o
 .debug_frame   0x0000000000000000      0x348 ./Drivers/Src/stm32f407xx_i2c_driver.o
 .ARM.attributes
                0x0000000000000000       0x34 ./Drivers/Src/stm32f407xx_i2c_driver.o
 .group         0x0000000000000000        0xc ./Drivers/Src/stm32f407xx_rcc_driver.o
 .group         0x0000000000000000        0xc ./Drivers/Src/stm32f407xx_rcc_driver.o
 .group         0x0000000000000000        0xc ./Drivers/Src/stm32f407xx_rcc_driver.o
 .group         0x0000000000000000        0xc ./Drivers/Src/stm32f407xx_rcc_driver.o
 .group         0x0000000000000000        0xc ./Drivers/Src/stm32f407xx_rcc_driver.o
 .group         0x0000000000000000        0xc ./Drivers/Src/stm32f407xx_rcc_driver.o
 .group         0x0000000000000000        0xc ./Drivers/Src/stm32f407xx_rcc_driver.o
 .group         0x0000000000000000        0xc ./Drivers/Src/stm32f407xx_rcc_driver.o
 .group         0x0000000000000000        0xc ./Drivers/Src/stm32f407xx_rcc_driver.o
 .group         0x0000000000000000        0xc ./Drivers/Src/stm32f407xx_rcc_driver.o
 .group         0x0000000000000000        0xc ./Drivers/Src/stm32f407xx_rcc_driver.o
 .group         0x0000000000000000        0xc ./Drivers/Src/stm32f407xx_rcc_driver.o
 .group         0x0000000000000000        0xc ./Drivers/Src/stm32f407xx_rcc_driver.o
 .text          0x0000000000000000        0x0 ./Drivers/Src/stm32f407xx_rcc_driver.o
 .data          0x0000000000000000        0x0 ./Drivers/Src/stm32f407xx_rcc_driver.o
 .bss           0x0000000000000000        0x0 ./Drivers/Src/stm32f407xx_rcc_driver.o
 .debug_macro   0x0000000000000000      0xa84 ./Drivers/Src/stm32f407xx_rcc_driver.o
 .debug_macro   0x0000000000000000      0x174 ./Drivers/Src/stm32f407xx_rcc_driver.o
 .debug_macro   0x0000000000000000       0x22 ./Drivers/Src/stm32f407xx_rcc_driver.o
 .debug_macro   0x0000000000000000       0x8e ./Drivers/Src/stm32f407xx_rcc_driver.o
 .debug_macro   0x0000000000000000       0x51 ./Drivers/Src/stm32f407xx_rcc_driver.o
 .debug_macro   0x0000000000000000      0x103 ./Drivers/Src/stm32f407xx_rcc_driver.o
 .debug_macro   0x0000000000000000       0x6a ./Drivers/Src/stm32f407xx_rcc_driver.o
 .debug_macro   0x0000000000000000      0x1df ./Drivers/Src/stm32f407xx_rcc_driver.o
 .debug_macro   0x0000000000000000      0x73e ./Drivers/Src/stm32f407xx_rcc_driver.o
 .debug_macro   0x0000000000000000       0xc4 ./Drivers/Src/stm32f407xx_rcc_driver.o
 .debug_macro   0x0000000000000000       0xc4 ./Drivers/Src/stm32f407xx_rcc_driver.o
 .debug_macro   0x0000000000000000       0xee ./Drivers/Src/stm32f407xx_rcc_driver.o
 .debug_macro   0x0000000000000000      0x106 ./Drivers/Src/stm32f407xx_rcc_driver.o
 .group         0x0000000000000000        0xc ./Drivers/Src/stm32f407xx_spi_driver.o
 .group         0x0000000000000000        0xc ./Drivers/Src/stm32f407xx_spi_driver.o
 .group         0x0000000000000000        0xc ./Drivers/Src/stm32f407xx_spi_driver.o
 .group         0x0000000000000000        0xc ./Drivers/Src/stm32f407xx_spi_driver.o
 .group         0x0000000000000000        0xc ./Drivers/Src/stm32f407xx_spi_driver.o
 .group         0x0000000000000000        0xc ./Drivers/Src/stm32f407xx_spi_driver.o
 .group         0x0000000000000000        0xc ./Drivers/Src/stm32f407xx_spi_driver.o
 .group         0x0000000000000000        0xc ./Drivers/Src/stm32f407xx_spi_driver.o
 .group         0x0000000000000000        0xc ./Drivers/Src/stm32f407xx_spi_driver.o
 .group         0x0000000000000000        0xc ./Drivers/Src/stm32f407xx_spi_driver.o
 .group         0x0000000000000000        0xc ./Drivers/Src/stm32f407xx_spi_driver.o
 .group         0x0000000000000000        0xc ./Drivers/Src/stm32f407xx_spi_driver.o
 .group         0x0000000000000000        0xc ./Drivers/Src/stm32f407xx_spi_driver.o
 .text          0x0000000000000000        0x0 ./Drivers/Src/stm32f407xx_spi_driver.o
 .data          0x0000000000000000        0x0 ./Drivers/Src/stm32f407xx_spi_driver.o
 .bss           0x0000000000000000        0x0 ./Drivers/Src/stm32f407xx_spi_driver.o
 .text.SPI_PeriClockControl
                0x0000000000000000       0xe0 ./Drivers/Src/stm32f407xx_spi_driver.o
 .text.SPI_Init
                0x0000000000000000       0xb6 ./Drivers/Src/stm32f407xx_spi_driver.o
 .text.SPI_DeInit
                0x0000000000000000       0x88 ./Drivers/Src/stm32f407xx_spi_driver.o
 .text.SPI_SendData
                0x0000000000000000       0x74 ./Drivers/Src/stm32f407xx_spi_driver.o
 .text.SPI_ReceiveData
                0x0000000000000000       0x74 ./Drivers/Src/stm32f407xx_spi_driver.o
 .text.SPI_SendDataIT
                0x0000000000000000       0x48 ./Drivers/Src/stm32f407xx_spi_driver.o
 .text.SPI_ReceiveDataIT
                0x0000000000000000       0x48 ./Drivers/Src/stm32f407xx_spi_driver.o
 .text.SPI_IRQHandling
                0x0000000000000000       0x9a ./Drivers/Src/stm32f407xx_spi_driver.o
 .text.SPI_TXE_INTERRUPT_HANDLE
                0x0000000000000000       0x9c ./Drivers/Src/stm32f407xx_spi_driver.o
 .text.SPI_RXNE_INTERRUPT_HANDLE
                0x0000000000000000       0xaa ./Drivers/Src/stm32f407xx_spi_driver.o
 .text.SPI_OVR_INTERRUPT_HANDLE
                0x0000000000000000       0x34 ./Drivers/Src/stm32f407xx_spi_driver.o
 .text.SPI_IRQInterruptConfig
                0x0000000000000000      0x10c ./Drivers/Src/stm32f407xx_spi_driver.o
 .text.SPI_IRQPriorityConfig
                0x0000000000000000       0x54 ./Drivers/Src/stm32f407xx_spi_driver.o
 .text.SPI_SSIConfig
                0x0000000000000000       0x38 ./Drivers/Src/stm32f407xx_spi_driver.o
 .text.SPI_PeripheralControl
                0x0000000000000000       0x38 ./Drivers/Src/stm32f407xx_spi_driver.o
 .text.SPI_GetFlagStatus
                0x0000000000000000       0x30 ./Drivers/Src/stm32f407xx_spi_driver.o
 .text.SPI_ApplicationEventCallback
                0x0000000000000000       0x18 ./Drivers/Src/stm32f407xx_spi_driver.o
 .debug_info    0x0000000000000000      0x83d ./Drivers/Src/stm32f407xx_spi_driver.o
 .debug_abbrev  0x0000000000000000      0x1c2 ./Drivers/Src/stm32f407xx_spi_driver.o
 .debug_aranges
                0x0000000000000000       0xa0 ./Drivers/Src/stm32f407xx_spi_driver.o
 .debug_ranges  0x0000000000000000       0x90 ./Drivers/Src/stm32f407xx_spi_driver.o
 .debug_macro   0x0000000000000000       0xd7 ./Drivers/Src/stm32f407xx_spi_driver.o
 .debug_macro   0x0000000000000000      0xa84 ./Drivers/Src/stm32f407xx_spi_driver.o
 .debug_macro   0x0000000000000000       0x22 ./Drivers/Src/stm32f407xx_spi_driver.o
 .debug_macro   0x0000000000000000       0x8e ./Drivers/Src/stm32f407xx_spi_driver.o
 .debug_macro   0x0000000000000000       0x51 ./Drivers/Src/stm32f407xx_spi_driver.o
 .debug_macro   0x0000000000000000      0x103 ./Drivers/Src/stm32f407xx_spi_driver.o
 .debug_macro   0x0000000000000000       0x6a ./Drivers/Src/stm32f407xx_spi_driver.o
 .debug_macro   0x0000000000000000      0x1df ./Drivers/Src/stm32f407xx_spi_driver.o
 .debug_macro   0x0000000000000000      0x174 ./Drivers/Src/stm32f407xx_spi_driver.o
 .debug_macro   0x0000000000000000      0x73e ./Drivers/Src/stm32f407xx_spi_driver.o
 .debug_macro   0x0000000000000000       0xc4 ./Drivers/Src/stm32f407xx_spi_driver.o
 .debug_macro   0x0000000000000000       0xee ./Drivers/Src/stm32f407xx_spi_driver.o
 .debug_macro   0x0000000000000000      0x106 ./Drivers/Src/stm32f407xx_spi_driver.o
 .debug_macro   0x0000000000000000       0xbe ./Drivers/Src/stm32f407xx_spi_driver.o
 .debug_line    0x0000000000000000      0x99e ./Drivers/Src/stm32f407xx_spi_driver.o
 .debug_str     0x0000000000000000     0x7144 ./Drivers/Src/stm32f407xx_spi_driver.o
 .comment       0x0000000000000000       0x51 ./Drivers/Src/stm32f407xx_spi_driver.o
 .debug_frame   0x0000000000000000      0x29c ./Drivers/Src/stm32f407xx_spi_driver.o
 .ARM.attributes
                0x0000000000000000       0x34 ./Drivers/Src/stm32f407xx_spi_driver.o
 .group         0x0000000000000000        0xc ./Drivers/Src/stm32f407xx_usart_driver.o
 .group         0x0000000000000000        0xc ./Drivers/Src/stm32f407xx_usart_driver.o
 .group         0x0000000000000000        0xc ./Drivers/Src/stm32f407xx_usart_driver.o
 .group         0x0000000000000000        0xc ./Drivers/Src/stm32f407xx_usart_driver.o
 .group         0x0000000000000000        0xc ./Drivers/Src/stm32f407xx_usart_driver.o
 .group         0x0000000000000000        0xc ./Drivers/Src/stm32f407xx_usart_driver.o
 .group         0x0000000000000000        0xc ./Drivers/Src/stm32f407xx_usart_driver.o
 .group         0x0000000000000000        0xc ./Drivers/Src/stm32f407xx_usart_driver.o
 .group         0x0000000000000000        0xc ./Drivers/Src/stm32f407xx_usart_driver.o
 .group         0x0000000000000000        0xc ./Drivers/Src/stm32f407xx_usart_driver.o
 .group         0x0000000000000000        0xc ./Drivers/Src/stm32f407xx_usart_driver.o
 .group         0x0000000000000000        0xc ./Drivers/Src/stm32f407xx_usart_driver.o
 .group         0x0000000000000000        0xc ./Drivers/Src/stm32f407xx_usart_driver.o
 .text          0x0000000000000000        0x0 ./Drivers/Src/stm32f407xx_usart_driver.o
 .data          0x0000000000000000        0x0 ./Drivers/Src/stm32f407xx_usart_driver.o
 .bss           0x0000000000000000        0x0 ./Drivers/Src/stm32f407xx_usart_driver.o
 .text.USART_ReceiveData
                0x0000000000000000       0xb0 ./Drivers/Src/stm32f407xx_usart_driver.o
 .text.USART_SendDataIT
                0x0000000000000000       0x5c ./Drivers/Src/stm32f407xx_usart_driver.o
 .text.USART_ClearFlag
                0x0000000000000000       0x26 ./Drivers/Src/stm32f407xx_usart_driver.o
 .text.USART_ApplicationEventCallback
                0x0000000000000000       0x18 ./Drivers/Src/stm32f407xx_usart_driver.o
 .debug_macro   0x0000000000000000      0xa84 ./Drivers/Src/stm32f407xx_usart_driver.o
 .debug_macro   0x0000000000000000       0x22 ./Drivers/Src/stm32f407xx_usart_driver.o
 .debug_macro   0x0000000000000000       0x8e ./Drivers/Src/stm32f407xx_usart_driver.o
 .debug_macro   0x0000000000000000       0x51 ./Drivers/Src/stm32f407xx_usart_driver.o
 .debug_macro   0x0000000000000000      0x103 ./Drivers/Src/stm32f407xx_usart_driver.o
 .debug_macro   0x0000000000000000       0x6a ./Drivers/Src/stm32f407xx_usart_driver.o
 .debug_macro   0x0000000000000000      0x1df ./Drivers/Src/stm32f407xx_usart_driver.o
 .debug_macro   0x0000000000000000      0x174 ./Drivers/Src/stm32f407xx_usart_driver.o
 .debug_macro   0x0000000000000000      0x73e ./Drivers/Src/stm32f407xx_usart_driver.o
 .debug_macro   0x0000000000000000       0xc4 ./Drivers/Src/stm32f407xx_usart_driver.o
 .debug_macro   0x0000000000000000       0xc4 ./Drivers/Src/stm32f407xx_usart_driver.o
 .debug_macro   0x0000000000000000       0xee ./Drivers/Src/stm32f407xx_usart_driver.o
 .group         0x0000000000000000        0xc ./Src/main.o
 .group         0x0000000000000000        0xc ./Src/main.o
 .group         0x0000000000000000        0xc ./Src/main.o
 .group         0x0000000000000000        0xc ./Src/main.o
 .group         0x0000000000000000        0xc ./Src/main.o
 .group         0x0000000000000000        0xc ./Src/main.o
 .group         0x0000000000000000        0xc ./Src/main.o
 .group         0x0000000000000000        0xc ./Src/main.o
 .group         0x0000000000000000        0xc ./Src/main.o
 .group         0x0000000000000000        0xc ./Src/main.o
 .group         0x0000000000000000        0xc ./Src/main.o
 .group         0x0000000000000000        0xc ./Src/main.o
 .group         0x0000000000000000        0xc ./Src/main.o
 .group         0x0000000000000000        0xc ./Src/main.o
 .group         0x0000000000000000        0xc ./Src/main.o
 .group         0x0000000000000000        0xc ./Src/main.o
 .group         0x0000000000000000        0xc ./Src/main.o
 .group         0x0000000000000000        0xc ./Src/main.o
 .group         0x0000000000000000        0xc ./Src/main.o
 .group         0x0000000000000000        0xc ./Src/main.o
 .group         0x0000000000000000        0xc ./Src/main.o
 .group         0x0000000000000000        0xc ./Src/main.o
 .group         0x0000000000000000        0xc ./Src/main.o
 .group         0x0000000000000000        0xc ./Src/main.o
 .group         0x0000000000000000        0xc ./Src/main.o
 .group         0x0000000000000000        0xc ./Src/main.o
 .group         0x0000000000000000        0xc ./Src/main.o
 .group         0x0000000000000000        0xc ./Src/main.o
 .group         0x0000000000000000        0xc ./Src/main.o
 .group         0x0000000000000000        0xc ./Src/main.o
 .group         0x0000000000000000        0xc ./Src/main.o
 .group         0x0000000000000000        0xc ./Src/main.o
 .group         0x0000000000000000        0xc ./Src/main.o
 .group         0x0000000000000000        0xc ./Src/main.o
 .group         0x0000000000000000        0xc ./Src/main.o
 .group         0x0000000000000000        0xc ./Src/main.o
 .group         0x0000000000000000        0xc ./Src/main.o
 .group         0x0000000000000000        0xc ./Src/main.o
 .group         0x0000000000000000        0xc ./Src/main.o
 .group         0x0000000000000000        0xc ./Src/main.o
 .text          0x0000000000000000        0x0 ./Src/main.o
 .data          0x0000000000000000        0x0 ./Src/main.o
 .bss           0x0000000000000000        0x0 ./Src/main.o
 .debug_macro   0x0000000000000000      0xa84 ./Src/main.o
 .debug_macro   0x0000000000000000       0x22 ./Src/main.o
 .debug_macro   0x0000000000000000       0x6a ./Src/main.o
 .debug_macro   0x0000000000000000      0x103 ./Src/main.o
 .debug_macro   0x0000000000000000      0x1df ./Src/main.o
 .debug_macro   0x0000000000000000      0x73e ./Src/main.o
 .debug_macro   0x0000000000000000       0xc4 ./Src/main.o
 .debug_macro   0x0000000000000000       0xc4 ./Src/main.o
 .debug_macro   0x0000000000000000       0xee ./Src/main.o
 .debug_macro   0x0000000000000000      0x106 ./Src/main.o
 .group         0x0000000000000000        0xc ./Src/syscalls.o
 .group         0x0000000000000000        0xc ./Src/syscalls.o
 .group         0x0000000000000000        0xc ./Src/syscalls.o
 .group         0x0000000000000000        0xc ./Src/syscalls.o
 .group         0x0000000000000000        0xc ./Src/syscalls.o
 .group         0x0000000000000000        0xc ./Src/syscalls.o
 .group         0x0000000000000000        0xc ./Src/syscalls.o
 .group         0x0000000000000000        0xc ./Src/syscalls.o
 .group         0x0000000000000000        0xc ./Src/syscalls.o
 .group         0x0000000000000000        0xc ./Src/syscalls.o
 .group         0x0000000000000000        0xc ./Src/syscalls.o
 .group         0x0000000000000000        0xc ./Src/syscalls.o
 .group         0x0000000000000000        0xc ./Src/syscalls.o
 .group         0x0000000000000000        0xc ./Src/syscalls.o
 .group         0x0000000000000000        0xc ./Src/syscalls.o
 .group         0x0000000000000000        0xc ./Src/syscalls.o
 .group         0x0000000000000000        0xc ./Src/syscalls.o
 .group         0x0000000000000000        0xc ./Src/syscalls.o
 .group         0x0000000000000000        0xc ./Src/syscalls.o
 .group         0x0000000000000000        0xc ./Src/syscalls.o
 .group         0x0000000000000000        0xc ./Src/syscalls.o
 .group         0x0000000000000000        0xc ./Src/syscalls.o
 .group         0x0000000000000000        0xc ./Src/syscalls.o
 .group         0x0000000000000000        0xc ./Src/syscalls.o
 .group         0x0000000000000000        0xc ./Src/syscalls.o
 .group         0x0000000000000000        0xc ./Src/syscalls.o
 .group         0x0000000000000000        0xc ./Src/syscalls.o
 .group         0x0000000000000000        0xc ./Src/syscalls.o
 .group         0x0000000000000000        0xc ./Src/syscalls.o
 .group         0x0000000000000000        0xc ./Src/syscalls.o
 .group         0x0000000000000000        0xc ./Src/syscalls.o
 .group         0x0000000000000000        0xc ./Src/syscalls.o
 .group         0x0000000000000000        0xc ./Src/syscalls.o
 .group         0x0000000000000000        0xc ./Src/syscalls.o
 .group         0x0000000000000000        0xc ./Src/syscalls.o
 .group         0x0000000000000000        0xc ./Src/syscalls.o
 .group         0x0000000000000000        0xc ./Src/syscalls.o
 .group         0x0000000000000000        0xc ./Src/syscalls.o
 .group         0x0000000000000000        0xc ./Src/syscalls.o
 .group         0x0000000000000000        0xc ./Src/syscalls.o
 .group         0x0000000000000000        0xc ./Src/syscalls.o
 .group         0x0000000000000000        0xc ./Src/syscalls.o
 .group         0x0000000000000000        0xc ./Src/syscalls.o
 .group         0x0000000000000000        0xc ./Src/syscalls.o
 .group         0x0000000000000000        0xc ./Src/syscalls.o
 .group         0x0000000000000000        0xc ./Src/syscalls.o
 .group         0x0000000000000000        0xc ./Src/syscalls.o
 .text          0x0000000000000000        0x0 ./Src/syscalls.o
 .data          0x0000000000000000        0x0 ./Src/syscalls.o
 .bss           0x0000000000000000        0x0 ./Src/syscalls.o
 .bss.__env     0x0000000000000000        0x4 ./Src/syscalls.o
 .data.environ  0x0000000000000000        0x4 ./Src/syscalls.o
 .text.initialise_monitor_handles
                0x0000000000000000        0xe ./Src/syscalls.o
 .text._getpid  0x0000000000000000       0x10 ./Src/syscalls.o
 .text._kill    0x0000000000000000       0x20 ./Src/syscalls.o
 .text._exit    0x0000000000000000       0x14 ./Src/syscalls.o
 .text._read    0x0000000000000000       0x3a ./Src/syscalls.o
 .text._write   0x0000000000000000       0x38 ./Src/syscalls.o
 .text._close   0x0000000000000000       0x18 ./Src/syscalls.o
 .text._fstat   0x0000000000000000       0x20 ./Src/syscalls.o
 .text._isatty  0x0000000000000000       0x16 ./Src/syscalls.o
 .text._lseek   0x0000000000000000       0x1a ./Src/syscalls.o
 .text._open    0x0000000000000000       0x1c ./Src/syscalls.o
 .text._wait    0x0000000000000000       0x1e ./Src/syscalls.o
 .text._unlink  0x0000000000000000       0x1e ./Src/syscalls.o
 .text._times   0x0000000000000000       0x18 ./Src/syscalls.o
 .text._stat    0x0000000000000000       0x20 ./Src/syscalls.o
 .text._link    0x0000000000000000       0x20 ./Src/syscalls.o
 .text._fork    0x0000000000000000       0x16 ./Src/syscalls.o
 .text._execve  0x0000000000000000       0x22 ./Src/syscalls.o
 .debug_info    0x0000000000000000      0x6e0 ./Src/syscalls.o
 .debug_abbrev  0x0000000000000000      0x1b3 ./Src/syscalls.o
 .debug_aranges
                0x0000000000000000       0xa8 ./Src/syscalls.o
 .debug_ranges  0x0000000000000000       0x98 ./Src/syscalls.o
 .debug_macro   0x0000000000000000      0x24c ./Src/syscalls.o
 .debug_macro   0x0000000000000000      0xa84 ./Src/syscalls.o
 .debug_macro   0x0000000000000000       0x22 ./Src/syscalls.o
 .debug_macro   0x0000000000000000       0x4c ./Src/syscalls.o
 .debug_macro   0x0000000000000000       0x1e ./Src/syscalls.o
 .debug_macro   0x0000000000000000       0x94 ./Src/syscalls.o
 .debug_macro   0x0000000000000000       0x3c ./Src/syscalls.o
 .debug_macro   0x0000000000000000       0x34 ./Src/syscalls.o
 .debug_macro   0x0000000000000000       0x57 ./Src/syscalls.o
 .debug_macro   0x0000000000000000      0x174 ./Src/syscalls.o
 .debug_macro   0x0000000000000000      0x341 ./Src/syscalls.o
 .debug_macro   0x0000000000000000       0x16 ./Src/syscalls.o
 .debug_macro   0x0000000000000000       0x43 ./Src/syscalls.o
 .debug_macro   0x0000000000000000       0x34 ./Src/syscalls.o
 .debug_macro   0x0000000000000000       0x10 ./Src/syscalls.o
 .debug_macro   0x0000000000000000       0x58 ./Src/syscalls.o
 .debug_macro   0x0000000000000000       0x71 ./Src/syscalls.o
 .debug_macro   0x0000000000000000       0x1c ./Src/syscalls.o
 .debug_macro   0x0000000000000000      0x12a ./Src/syscalls.o
 .debug_macro   0x0000000000000000       0x10 ./Src/syscalls.o
 .debug_macro   0x0000000000000000       0x35 ./Src/syscalls.o
 .debug_macro   0x0000000000000000       0x10 ./Src/syscalls.o
 .debug_macro   0x0000000000000000       0x10 ./Src/syscalls.o
 .debug_macro   0x0000000000000000       0x10 ./Src/syscalls.o
 .debug_macro   0x0000000000000000       0x6a ./Src/syscalls.o
 .debug_macro   0x0000000000000000       0x1c ./Src/syscalls.o
 .debug_macro   0x0000000000000000       0x52 ./Src/syscalls.o
 .debug_macro   0x0000000000000000       0x22 ./Src/syscalls.o
 .debug_macro   0x0000000000000000       0x10 ./Src/syscalls.o
 .debug_macro   0x0000000000000000       0x52 ./Src/syscalls.o
 .debug_macro   0x0000000000000000       0xd5 ./Src/syscalls.o
 .debug_macro   0x0000000000000000       0x1c ./Src/syscalls.o
 .debug_macro   0x0000000000000000       0x3d ./Src/syscalls.o
 .debug_macro   0x0000000000000000       0x35 ./Src/syscalls.o
 .debug_macro   0x0000000000000000      0x12c ./Src/syscalls.o
 .debug_macro   0x0000000000000000       0x16 ./Src/syscalls.o
 .debug_macro   0x0000000000000000       0x16 ./Src/syscalls.o
 .debug_macro   0x0000000000000000       0x29 ./Src/syscalls.o
 .debug_macro   0x0000000000000000       0x10 ./Src/syscalls.o
 .debug_macro   0x0000000000000000      0x241 ./Src/syscalls.o
 .debug_macro   0x0000000000000000       0x1c ./Src/syscalls.o
 .debug_macro   0x0000000000000000       0x10 ./Src/syscalls.o
 .debug_macro   0x0000000000000000       0x10 ./Src/syscalls.o
 .debug_macro   0x0000000000000000       0x16 ./Src/syscalls.o
 .debug_macro   0x0000000000000000      0x145 ./Src/syscalls.o
 .debug_macro   0x0000000000000000      0x189 ./Src/syscalls.o
 .debug_macro   0x0000000000000000       0x16 ./Src/syscalls.o
 .debug_macro   0x0000000000000000       0xce ./Src/syscalls.o
 .debug_line    0x0000000000000000      0x7f9 ./Src/syscalls.o
 .debug_str     0x0000000000000000     0x8aa7 ./Src/syscalls.o
 .comment       0x0000000000000000       0x51 ./Src/syscalls.o
 .debug_frame   0x0000000000000000      0x2ac ./Src/syscalls.o
 .ARM.attributes
                0x0000000000000000       0x34 ./Src/syscalls.o
 .group         0x0000000000000000        0xc ./Src/sysmem.o
 .group         0x0000000000000000        0xc ./Src/sysmem.o
 .group         0x0000000000000000        0xc ./Src/sysmem.o
 .group         0x0000000000000000        0xc ./Src/sysmem.o
 .group         0x0000000000000000        0xc ./Src/sysmem.o
 .group         0x0000000000000000        0xc ./Src/sysmem.o
 .group         0x0000000000000000        0xc ./Src/sysmem.o
 .group         0x0000000000000000        0xc ./Src/sysmem.o
 .group         0x0000000000000000        0xc ./Src/sysmem.o
 .group         0x0000000000000000        0xc ./Src/sysmem.o
 .group         0x0000000000000000        0xc ./Src/sysmem.o
 .group         0x0000000000000000        0xc ./Src/sysmem.o
 .group         0x0000000000000000        0xc ./Src/sysmem.o
 .group         0x0000000000000000        0xc ./Src/sysmem.o
 .group         0x0000000000000000        0xc ./Src/sysmem.o
 .group         0x0000000000000000        0xc ./Src/sysmem.o
 .group         0x0000000000000000        0xc ./Src/sysmem.o
 .group         0x0000000000000000        0xc ./Src/sysmem.o
 .group         0x0000000000000000        0xc ./Src/sysmem.o
 .group         0x0000000000000000        0xc ./Src/sysmem.o
 .group         0x0000000000000000        0xc ./Src/sysmem.o
 .group         0x0000000000000000        0xc ./Src/sysmem.o
 .text          0x0000000000000000        0x0 ./Src/sysmem.o
 .data          0x0000000000000000        0x0 ./Src/sysmem.o
 .bss           0x0000000000000000        0x0 ./Src/sysmem.o
 .bss.__sbrk_heap_end
                0x0000000000000000        0x4 ./Src/sysmem.o
 .text._sbrk    0x0000000000000000       0x6c ./Src/sysmem.o
 .debug_info    0x0000000000000000      0x171 ./Src/sysmem.o
 .debug_abbrev  0x0000000000000000       0xbb ./Src/sysmem.o
 .debug_aranges
                0x0000000000000000       0x20 ./Src/sysmem.o
 .debug_ranges  0x0000000000000000       0x10 ./Src/sysmem.o
 .debug_macro   0x0000000000000000       0xff ./Src/sysmem.o
 .debug_macro   0x0000000000000000      0xa84 ./Src/sysmem.o
 .debug_macro   0x0000000000000000       0x10 ./Src/sysmem.o
 .debug_macro   0x0000000000000000       0x22 ./Src/sysmem.o
 .debug_macro   0x0000000000000000       0x4c ./Src/sysmem.o
 .debug_macro   0x0000000000000000       0x1e ./Src/sysmem.o
 .debug_macro   0x0000000000000000       0x94 ./Src/sysmem.o
 .debug_macro   0x0000000000000000       0x3c ./Src/sysmem.o
 .debug_macro   0x0000000000000000       0x34 ./Src/sysmem.o
 .debug_macro   0x0000000000000000      0x174 ./Src/sysmem.o
 .debug_macro   0x0000000000000000       0x16 ./Src/sysmem.o
 .debug_macro   0x0000000000000000       0x43 ./Src/sysmem.o
 .debug_macro   0x0000000000000000       0x57 ./Src/sysmem.o
 .debug_macro   0x0000000000000000       0x34 ./Src/sysmem.o
 .debug_macro   0x0000000000000000       0x10 ./Src/sysmem.o
 .debug_macro   0x0000000000000000       0x58 ./Src/sysmem.o
 .debug_macro   0x0000000000000000       0x71 ./Src/sysmem.o
 .debug_macro   0x0000000000000000       0x1c ./Src/sysmem.o
 .debug_macro   0x0000000000000000      0x12a ./Src/sysmem.o
 .debug_macro   0x0000000000000000      0x23b ./Src/sysmem.o
 .debug_macro   0x0000000000000000      0x103 ./Src/sysmem.o
 .debug_macro   0x0000000000000000       0x6a ./Src/sysmem.o
 .debug_macro   0x0000000000000000      0x1df ./Src/sysmem.o
 .debug_line    0x0000000000000000      0x4ef ./Src/sysmem.o
 .debug_str     0x0000000000000000     0x5de3 ./Src/sysmem.o
 .comment       0x0000000000000000       0x51 ./Src/sysmem.o
 .debug_frame   0x0000000000000000       0x34 ./Src/sysmem.o
 .ARM.attributes
                0x0000000000000000       0x34 ./Src/sysmem.o
 .text          0x0000000000000000       0x14 ./Startup/startup_stm32f407vgtx.o
 .data          0x0000000000000000        0x0 ./Startup/startup_stm32f407vgtx.o
 .bss           0x0000000000000000        0x0 ./Startup/startup_stm32f407vgtx.o
 .text          0x0000000000000000        0x0 c:/st/stm32cubeide_1.10.1/stm32cubeide/plugins/com.st.stm32cube.ide.mcu.externaltools.gnu-tools-for-stm32.10.3-2021.10.win32_1.0.200.202301161003/tools/bin/../lib/gcc/arm-none-eabi/10.3.1/../../../../arm-none-eabi/lib/thumb/v7e-m+fp/hard\libc_nano.a(lib_a-errno.o)
 .data          0x0000000000000000        0x0 c:/st/stm32cubeide_1.10.1/stm32cubeide/plugins/com.st.stm32cube.ide.mcu.externaltools.gnu-tools-for-stm32.10.3-2021.10.win32_1.0.200.202301161003/tools/bin/../lib/gcc/arm-none-eabi/10.3.1/../../../../arm-none-eabi/lib/thumb/v7e-m+fp/hard\libc_nano.a(lib_a-errno.o)
 .bss           0x0000000000000000        0x0 c:/st/stm32cubeide_1.10.1/stm32cubeide/plugins/com.st.stm32cube.ide.mcu.externaltools.gnu-tools-for-stm32.10.3-2021.10.win32_1.0.200.202301161003/tools/bin/../lib/gcc/arm-none-eabi/10.3.1/../../../../arm-none-eabi/lib/thumb/v7e-m+fp/hard\libc_nano.a(lib_a-errno.o)
 .text.__errno  0x0000000000000000        0xc c:/st/stm32cubeide_1.10.1/stm32cubeide/plugins/com.st.stm32cube.ide.mcu.externaltools.gnu-tools-for-stm32.10.3-2021.10.win32_1.0.200.202301161003/tools/bin/../lib/gcc/arm-none-eabi/10.3.1/../../../../arm-none-eabi/lib/thumb/v7e-m+fp/hard\libc_nano.a(lib_a-errno.o)
 .debug_frame   0x0000000000000000       0x20 c:/st/stm32cubeide_1.10.1/stm32cubeide/plugins/com.st.stm32cube.ide.mcu.externaltools.gnu-tools-for-stm32.10.3-2021.10.win32_1.0.200.202301161003/tools/bin/../lib/gcc/arm-none-eabi/10.3.1/../../../../arm-none-eabi/lib/thumb/v7e-m+fp/hard\libc_nano.a(lib_a-errno.o)
 .ARM.attributes
                0x0000000000000000       0x34 c:/st/stm32cubeide_1.10.1/stm32cubeide/plugins/com.st.stm32cube.ide.mcu.externaltools.gnu-tools-for-stm32.10.3-2021.10.win32_1.0.200.202301161003/tools/bin/../lib/gcc/arm-none-eabi/10.3.1/../../../../arm-none-eabi/lib/thumb/v7e-m+fp/hard\libc_nano.a(lib_a-errno.o)
 .text          0x0000000000000000        0x0 c:/st/stm32cubeide_1.10.1/stm32cubeide/plugins/com.st.stm32cube.ide.mcu.externaltools.gnu-tools-for-stm32.10.3-2021.10.win32_1.0.200.202301161003/tools/bin/../lib/gcc/arm-none-eabi/10.3.1/../../../../arm-none-eabi/lib/thumb/v7e-m+fp/hard\libc_nano.a(lib_a-exit.o)
 .data          0x0000000000000000        0x0 c:/st/stm32cubeide_1.10.1/stm32cubeide/plugins/com.st.stm32cube.ide.mcu.externaltools.gnu-tools-for-stm32.10.3-2021.10.win32_1.0.200.202301161003/tools/bin/../lib/gcc/arm-none-eabi/10.3.1/../../../../arm-none-eabi/lib/thumb/v7e-m+fp/hard\libc_nano.a(lib_a-exit.o)
 .bss           0x0000000000000000        0x0 c:/st/stm32cubeide_1.10.1/stm32cubeide/plugins/com.st.stm32cube.ide.mcu.externaltools.gnu-tools-for-stm32.10.3-2021.10.win32_1.0.200.202301161003/tools/bin/../lib/gcc/arm-none-eabi/10.3.1/../../../../arm-none-eabi/lib/thumb/v7e-m+fp/hard\libc_nano.a(lib_a-exit.o)
 .text.exit     0x0000000000000000       0x28 c:/st/stm32cubeide_1.10.1/stm32cubeide/plugins/com.st.stm32cube.ide.mcu.externaltools.gnu-tools-for-stm32.10.3-2021.10.win32_1.0.200.202301161003/tools/bin/../lib/gcc/arm-none-eabi/10.3.1/../../../../arm-none-eabi/lib/thumb/v7e-m+fp/hard\libc_nano.a(lib_a-exit.o)
 .debug_frame   0x0000000000000000       0x28 c:/st/stm32cubeide_1.10.1/stm32cubeide/plugins/com.st.stm32cube.ide.mcu.externaltools.gnu-tools-for-stm32.10.3-2021.10.win32_1.0.200.202301161003/tools/bin/../lib/gcc/arm-none-eabi/10.3.1/../../../../arm-none-eabi/lib/thumb/v7e-m+fp/hard\libc_nano.a(lib_a-exit.o)
 .ARM.attributes
                0x0000000000000000       0x34 c:/st/stm32cubeide_1.10.1/stm32cubeide/plugins/com.st.stm32cube.ide.mcu.externaltools.gnu-tools-for-stm32.10.3-2021.10.win32_1.0.200.202301161003/tools/bin/../lib/gcc/arm-none-eabi/10.3.1/../../../../arm-none-eabi/lib/thumb/v7e-m+fp/hard\libc_nano.a(lib_a-exit.o)
 .text          0x0000000000000000        0x0 c:/st/stm32cubeide_1.10.1/stm32cubeide/plugins/com.st.stm32cube.ide.mcu.externaltools.gnu-tools-for-stm32.10.3-2021.10.win32_1.0.200.202301161003/tools/bin/../lib/gcc/arm-none-eabi/10.3.1/../../../../arm-none-eabi/lib/thumb/v7e-m+fp/hard\libc_nano.a(lib_a-impure.o)
 .data          0x0000000000000000        0x0 c:/st/stm32cubeide_1.10.1/stm32cubeide/plugins/com.st.stm32cube.ide.mcu.externaltools.gnu-tools-for-stm32.10.3-2021.10.win32_1.0.200.202301161003/tools/bin/../lib/gcc/arm-none-eabi/10.3.1/../../../../arm-none-eabi/lib/thumb/v7e-m+fp/hard\libc_nano.a(lib_a-impure.o)
 .bss           0x0000000000000000        0x0 c:/st/stm32cubeide_1.10.1/stm32cubeide/plugins/com.st.stm32cube.ide.mcu.externaltools.gnu-tools-for-stm32.10.3-2021.10.win32_1.0.200.202301161003/tools/bin/../lib/gcc/arm-none-eabi/10.3.1/../../../../arm-none-eabi/lib/thumb/v7e-m+fp/hard\libc_nano.a(lib_a-impure.o)
 .data._impure_ptr
                0x0000000000000000        0x4 c:/st/stm32cubeide_1.10.1/stm32cubeide/plugins/com.st.stm32cube.ide.mcu.externaltools.gnu-tools-for-stm32.10.3-2021.10.win32_1.0.200.202301161003/tools/bin/../lib/gcc/arm-none-eabi/10.3.1/../../../../arm-none-eabi/lib/thumb/v7e-m+fp/hard\libc_nano.a(lib_a-impure.o)
 .data.impure_data
                0x0000000000000000       0x60 c:/st/stm32cubeide_1.10.1/stm32cubeide/plugins/com.st.stm32cube.ide.mcu.externaltools.gnu-tools-for-stm32.10.3-2021.10.win32_1.0.200.202301161003/tools/bin/../lib/gcc/arm-none-eabi/10.3.1/../../../../arm-none-eabi/lib/thumb/v7e-m+fp/hard\libc_nano.a(lib_a-impure.o)
 .rodata._global_impure_ptr
                0x0000000000000000        0x4 c:/st/stm32cubeide_1.10.1/stm32cubeide/plugins/com.st.stm32cube.ide.mcu.externaltools.gnu-tools-for-stm32.10.3-2021.10.win32_1.0.200.202301161003/tools/bin/../lib/gcc/arm-none-eabi/10.3.1/../../../../arm-none-eabi/lib/thumb/v7e-m+fp/hard\libc_nano.a(lib_a-impure.o)
 .ARM.attributes
                0x0000000000000000       0x34 c:/st/stm32cubeide_1.10.1/stm32cubeide/plugins/com.st.stm32cube.ide.mcu.externaltools.gnu-tools-for-stm32.10.3-2021.10.win32_1.0.200.202301161003/tools/bin/../lib/gcc/arm-none-eabi/10.3.1/../../../../arm-none-eabi/lib/thumb/v7e-m+fp/hard\libc_nano.a(lib_a-impure.o)
 .text          0x0000000000000000        0x0 c:/st/stm32cubeide_1.10.1/stm32cubeide/plugins/com.st.stm32cube.ide.mcu.externaltools.gnu-tools-for-stm32.10.3-2021.10.win32_1.0.200.202301161003/tools/bin/../lib/gcc/arm-none-eabi/10.3.1/../../../../arm-none-eabi/lib/thumb/v7e-m+fp/hard\libc_nano.a(lib_a-init.o)
 .data          0x0000000000000000        0x0 c:/st/stm32cubeide_1.10.1/stm32cubeide/plugins/com.st.stm32cube.ide.mcu.externaltools.gnu-tools-for-stm32.10.3-2021.10.win32_1.0.200.202301161003/tools/bin/../lib/gcc/arm-none-eabi/10.3.1/../../../../arm-none-eabi/lib/thumb/v7e-m+fp/hard\libc_nano.a(lib_a-init.o)
 .bss           0x0000000000000000        0x0 c:/st/stm32cubeide_1.10.1/stm32cubeide/plugins/com.st.stm32cube.ide.mcu.externaltools.gnu-tools-for-stm32.10.3-2021.10.win32_1.0.200.202301161003/tools/bin/../lib/gcc/arm-none-eabi/10.3.1/../../../../arm-none-eabi/lib/thumb/v7e-m+fp/hard\libc_nano.a(lib_a-init.o)
 .text          0x0000000000000000        0x0 c:/st/stm32cubeide_1.10.1/stm32cubeide/plugins/com.st.stm32cube.ide.mcu.externaltools.gnu-tools-for-stm32.10.3-2021.10.win32_1.0.200.202301161003/tools/bin/../lib/gcc/arm-none-eabi/10.3.1/../../../../arm-none-eabi/lib/thumb/v7e-m+fp/hard\libc_nano.a(lib_a-memset.o)
 .data          0x0000000000000000        0x0 c:/st/stm32cubeide_1.10.1/stm32cubeide/plugins/com.st.stm32cube.ide.mcu.externaltools.gnu-tools-for-stm32.10.3-2021.10.win32_1.0.200.202301161003/tools/bin/../lib/gcc/arm-none-eabi/10.3.1/../../../../arm-none-eabi/lib/thumb/v7e-m+fp/hard\libc_nano.a(lib_a-memset.o)
 .bss           0x0000000000000000        0x0 c:/st/stm32cubeide_1.10.1/stm32cubeide/plugins/com.st.stm32cube.ide.mcu.externaltools.gnu-tools-for-stm32.10.3-2021.10.win32_1.0.200.202301161003/tools/bin/../lib/gcc/arm-none-eabi/10.3.1/../../../../arm-none-eabi/lib/thumb/v7e-m+fp/hard\libc_nano.a(lib_a-memset.o)
 .text.memset   0x0000000000000000       0x10 c:/st/stm32cubeide_1.10.1/stm32cubeide/plugins/com.st.stm32cube.ide.mcu.externaltools.gnu-tools-for-stm32.10.3-2021.10.win32_1.0.200.202301161003/tools/bin/../lib/gcc/arm-none-eabi/10.3.1/../../../../arm-none-eabi/lib/thumb/v7e-m+fp/hard\libc_nano.a(lib_a-memset.o)
 .debug_frame   0x0000000000000000       0x20 c:/st/stm32cubeide_1.10.1/stm32cubeide/plugins/com.st.stm32cube.ide.mcu.externaltools.gnu-tools-for-stm32.10.3-2021.10.win32_1.0.200.202301161003/tools/bin/../lib/gcc/arm-none-eabi/10.3.1/../../../../arm-none-eabi/lib/thumb/v7e-m+fp/hard\libc_nano.a(lib_a-memset.o)
 .ARM.attributes
                0x0000000000000000       0x34 c:/st/stm32cubeide_1.10.1/stm32cubeide/plugins/com.st.stm32cube.ide.mcu.externaltools.gnu-tools-for-stm32.10.3-2021.10.win32_1.0.200.202301161003/tools/bin/../lib/gcc/arm-none-eabi/10.3.1/../../../../arm-none-eabi/lib/thumb/v7e-m+fp/hard\libc_nano.a(lib_a-memset.o)
 .text          0x0000000000000000        0x0 c:/st/stm32cubeide_1.10.1/stm32cubeide/plugins/com.st.stm32cube.ide.mcu.externaltools.gnu-tools-for-stm32.10.3-2021.10.win32_1.0.200.202301161003/tools/bin/../lib/gcc/arm-none-eabi/10.3.1/thumb/v7e-m+fp/hard/crtend.o
 .data          0x0000000000000000        0x0 c:/st/stm32cubeide_1.10.1/stm32cubeide/plugins/com.st.stm32cube.ide.mcu.externaltools.gnu-tools-for-stm32.10.3-2021.10.win32_1.0.200.202301161003/tools/bin/../lib/gcc/arm-none-eabi/10.3.1/thumb/v7e-m+fp/hard/crtend.o
 .bss           0x0000000000000000        0x0 c:/st/stm32cubeide_1.10.1/stm32cubeide/plugins/com.st.stm32cube.ide.mcu.externaltools.gnu-tools-for-stm32.10.3-2021.10.win32_1.0.200.202301161003/tools/bin/../lib/gcc/arm-none-eabi/10.3.1/thumb/v7e-m+fp/hard/crtend.o
 .rodata        0x0000000000000000       0x24 c:/st/stm32cubeide_1.10.1/stm32cubeide/plugins/com.st.stm32cube.ide.mcu.externaltools.gnu-tools-for-stm32.10.3-2021.10.win32_1.0.200.202301161003/tools/bin/../lib/gcc/arm-none-eabi/10.3.1/thumb/v7e-m+fp/hard/crtend.o
 .eh_frame      0x0000000000000000        0x4 c:/st/stm32cubeide_1.10.1/stm32cubeide/plugins/com.st.stm32cube.ide.mcu.externaltools.gnu-tools-for-stm32.10.3-2021.10.win32_1.0.200.202301161003/tools/bin/../lib/gcc/arm-none-eabi/10.3.1/thumb/v7e-m+fp/hard/crtend.o
 .ARM.attributes
                0x0000000000000000       0x34 c:/st/stm32cubeide_1.10.1/stm32cubeide/plugins/com.st.stm32cube.ide.mcu.externaltools.gnu-tools-for-stm32.10.3-2021.10.win32_1.0.200.202301161003/tools/bin/../lib/gcc/arm-none-eabi/10.3.1/thumb/v7e-m+fp/hard/crtend.o
 .text          0x0000000000000000        0x0 c:/st/stm32cubeide_1.10.1/stm32cubeide/plugins/com.st.stm32cube.ide.mcu.externaltools.gnu-tools-for-stm32.10.3-2021.10.win32_1.0.200.202301161003/tools/bin/../lib/gcc/arm-none-eabi/10.3.1/thumb/v7e-m+fp/hard/crtn.o
 .data          0x0000000000000000        0x0 c:/st/stm32cubeide_1.10.1/stm32cubeide/plugins/com.st.stm32cube.ide.mcu.externaltools.gnu-tools-for-stm32.10.3-2021.10.win32_1.0.200.202301161003/tools/bin/../lib/gcc/arm-none-eabi/10.3.1/thumb/v7e-m+fp/hard/crtn.o
 .bss           0x0000000000000000        0x0 c:/st/stm32cubeide_1.10.1/stm32cubeide/plugins/com.st.stm32cube.ide.mcu.externaltools.gnu-tools-for-stm32.10.3-2021.10.win32_1.0.200.202301161003/tools/bin/../lib/gcc/arm-none-eabi/10.3.1/thumb/v7e-m+fp/hard/crtn.o

Memory Configuration

Name             Origin             Length             Attributes
CCMRAM           0x0000000010000000 0x0000000000010000 xrw
RAM              0x0000000020000000 0x0000000000020000 xrw
FLASH            0x0000000008000000 0x0000000000100000 xr
*default*        0x0000000000000000 0xffffffffffffffff

Linker script and memory map

LOAD c:/st/stm32cubeide_1.10.1/stm32cubeide/plugins/com.st.stm32cube.ide.mcu.externaltools.gnu-tools-for-stm32.10.3-2021.10.win32_1.0.200.202301161003/tools/bin/../lib/gcc/arm-none-eabi/10.3.1/thumb/v7e-m+fp/hard/crti.o
LOAD c:/st/stm32cubeide_1.10.1/stm32cubeide/plugins/com.st.stm32cube.ide.mcu.externaltools.gnu-tools-for-stm32.10.3-2021.10.win32_1.0.200.202301161003/tools/bin/../lib/gcc/arm-none-eabi/10.3.1/thumb/v7e-m+fp/hard/crtbegin.o
LOAD c:/st/stm32cubeide_1.10.1/stm32cubeide/plugins/com.st.stm32cube.ide.mcu.externaltools.gnu-tools-for-stm32.10.3-2021.10.win32_1.0.200.202301161003/tools/bin/../lib/gcc/arm-none-eabi/10.3.1/../../../../arm-none-eabi/lib/thumb/v7e-m+fp/hard/crt0.o
LOAD ./Drivers/Src/LCD_Source_file.o
LOAD ./Drivers/Src/stm32f407xx_gpio_driver.o
LOAD ./Drivers/Src/stm32f407xx_i2c_driver.o
LOAD ./Drivers/Src/stm32f407xx_rcc_driver.o
LOAD ./Drivers/Src/stm32f407xx_spi_driver.o
LOAD ./Drivers/Src/stm32f407xx_usart_driver.o
LOAD ./Src/main.o
LOAD ./Src/syscalls.o
LOAD ./Src/sysmem.o
LOAD ./Startup/startup_stm32f407vgtx.o
START GROUP
LOAD c:/st/stm32cubeide_1.10.1/stm32cubeide/plugins/com.st.stm32cube.ide.mcu.externaltools.gnu-tools-for-stm32.10.3-2021.10.win32_1.0.200.202301161003/tools/bin/../lib/gcc/arm-none-eabi/10.3.1/../../../../arm-none-eabi/lib/thumb/v7e-m+fp/hard\libc_nano.a
LOAD c:/st/stm32cubeide_1.10.1/stm32cubeide/plugins/com.st.stm32cube.ide.mcu.externaltools.gnu-tools-for-stm32.10.3-2021.10.win32_1.0.200.202301161003/tools/bin/../lib/gcc/arm-none-eabi/10.3.1/../../../../arm-none-eabi/lib/thumb/v7e-m+fp/hard\libm.a
END GROUP
START GROUP
LOAD c:/st/stm32cubeide_1.10.1/stm32cubeide/plugins/com.st.stm32cube.ide.mcu.externaltools.gnu-tools-for-stm32.10.3-2021.10.win32_1.0.200.202301161003/tools/bin/../lib/gcc/arm-none-eabi/10.3.1/thumb/v7e-m+fp/hard\libgcc.a
LOAD c:/st/stm32cubeide_1.10.1/stm32cubeide/plugins/com.st.stm32cube.ide.mcu.externaltools.gnu-tools-for-stm32.10.3-2021.10.win32_1.0.200.202301161003/tools/bin/../lib/gcc/arm-none-eabi/10.3.1/../../../../arm-none-eabi/lib/thumb/v7e-m+fp/hard\libc_nano.a
END GROUP
START GROUP
LOAD c:/st/stm32cubeide_1.10.1/stm32cubeide/plugins/com.st.stm32cube.ide.mcu.externaltools.gnu-tools-for-stm32.10.3-2021.10.win32_1.0.200.202301161003/tools/bin/../lib/gcc/arm-none-eabi/10.3.1/thumb/v7e-m+fp/hard\libgcc.a
LOAD c:/st/stm32cubeide_1.10.1/stm32cubeide/plugins/com.st.stm32cube.ide.mcu.externaltools.gnu-tools-for-stm32.10.3-2021.10.win32_1.0.200.202301161003/tools/bin/../lib/gcc/arm-none-eabi/10.3.1/../../../../arm-none-eabi/lib/thumb/v7e-m+fp/hard\libc_nano.a
LOAD c:/st/stm32cubeide_1.10.1/stm32cubeide/plugins/com.st.stm32cube.ide.mcu.externaltools.gnu-tools-for-stm32.10.3-2021.10.win32_1.0.200.202301161003/tools/bin/../lib/gcc/arm-none-eabi/10.3.1/../../../../arm-none-eabi/lib/thumb/v7e-m+fp/hard\libnosys.a
END GROUP
START GROUP
LOAD c:/st/stm32cubeide_1.10.1/stm32cubeide/plugins/com.st.stm32cube.ide.mcu.externaltools.gnu-tools-for-stm32.10.3-2021.10.win32_1.0.200.202301161003/tools/bin/../lib/gcc/arm-none-eabi/10.3.1/thumb/v7e-m+fp/hard\libgcc.a
LOAD c:/st/stm32cubeide_1.10.1/stm32cubeide/plugins/com.st.stm32cube.ide.mcu.externaltools.gnu-tools-for-stm32.10.3-2021.10.win32_1.0.200.202301161003/tools/bin/../lib/gcc/arm-none-eabi/10.3.1/../../../../arm-none-eabi/lib/thumb/v7e-m+fp/hard\libc_nano.a
LOAD c:/st/stm32cubeide_1.10.1/stm32cubeide/plugins/com.st.stm32cube.ide.mcu.externaltools.gnu-tools-for-stm32.10.3-2021.10.win32_1.0.200.202301161003/tools/bin/../lib/gcc/arm-none-eabi/10.3.1/../../../../arm-none-eabi/lib/thumb/v7e-m+fp/hard\libnosys.a
END GROUP
LOAD c:/st/stm32cubeide_1.10.1/stm32cubeide/plugins/com.st.stm32cube.ide.mcu.externaltools.gnu-tools-for-stm32.10.3-2021.10.win32_1.0.200.202301161003/tools/bin/../lib/gcc/arm-none-eabi/10.3.1/thumb/v7e-m+fp/hard/crtend.o
LOAD c:/st/stm32cubeide_1.10.1/stm32cubeide/plugins/com.st.stm32cube.ide.mcu.externaltools.gnu-tools-for-stm32.10.3-2021.10.win32_1.0.200.202301161003/tools/bin/../lib/gcc/arm-none-eabi/10.3.1/thumb/v7e-m+fp/hard/crtn.o
                0x0000000020020000                _estack = (ORIGIN (RAM) + LENGTH (RAM))
                0x0000000000000200                _Min_Heap_Size = 0x200
                0x0000000000000400                _Min_Stack_Size = 0x400

.isr_vector     0x0000000008000000      0x1a8
                0x0000000008000000                . = ALIGN (0x4)
 *(.isr_vector)
 .isr_vector    0x0000000008000000      0x1a8 ./Startup/startup_stm32f407vgtx.o
                0x0000000008000000                g_pfnVectors
                0x00000000080001a8                . = ALIGN (0x4)

.text           0x00000000080001a8     0x1848
                0x00000000080001a8                . = ALIGN (0x4)
 *(.text)
 .text          0x00000000080001a8       0x40 c:/st/stm32cubeide_1.10.1/stm32cubeide/plugins/com.st.stm32cube.ide.mcu.externaltools.gnu-tools-for-stm32.10.3-2021.10.win32_1.0.200.202301161003/tools/bin/../lib/gcc/arm-none-eabi/10.3.1/thumb/v7e-m+fp/hard/crtbegin.o
 *(.text*)
 .text.delayMs  0x00000000080001e8       0x3a ./Drivers/Src/LCD_Source_file.o
                0x00000000080001e8                delayMs
 *fill*         0x0000000008000222        0x2 
 .text.LCD_Data
                0x0000000008000224       0x54 ./Drivers/Src/LCD_Source_file.o
                0x0000000008000224                LCD_Data
 .text.LCD_Init
                0x0000000008000278       0x24 ./Drivers/Src/LCD_Source_file.o
                0x0000000008000278                LCD_Init
 .text.PORTS_Init
                0x000000000800029c       0xe4 ./Drivers/Src/LCD_Source_file.o
                0x000000000800029c                PORTS_Init
 .text.LCD_command
                0x0000000008000380       0x78 ./Drivers/Src/LCD_Source_file.o
                0x0000000008000380                LCD_command
 .text.Char_to_Binary
                0x00000000080003f8       0x58 ./Drivers/Src/LCD_Source_file.o
                0x00000000080003f8                Char_to_Binary
 .text.GPIO_PeriClockControl
                0x0000000008000450      0x1d0 ./Drivers/Src/stm32f407xx_gpio_driver.o
                0x0000000008000450                GPIO_PeriClockControl
 .text.GPIO_Init
                0x0000000008000620      0x354 ./Drivers/Src/stm32f407xx_gpio_driver.o
                0x0000000008000620                GPIO_Init
 .text.GPIO_ReadFromInputPin
                0x0000000008000974       0x2c ./Drivers/Src/stm32f407xx_gpio_driver.o
                0x0000000008000974                GPIO_ReadFromInputPin
 .text.GPIO_WriteToOutputPin
                0x00000000080009a0       0x4a ./Drivers/Src/stm32f407xx_gpio_driver.o
                0x00000000080009a0                GPIO_WriteToOutputPin
 *fill*         0x00000000080009ea        0x2 
 .text.RCC_GetPCLK1Value
                0x00000000080009ec       0xb0 ./Drivers/Src/stm32f407xx_rcc_driver.o
                0x00000000080009ec                RCC_GetPCLK1Value
 .text.RCC_GetPCLK2Value
                0x0000000008000a9c       0xa0 ./Drivers/Src/stm32f407xx_rcc_driver.o
                0x0000000008000a9c                RCC_GetPCLK2Value
 .text.RCC_GetPLLOutputClock
                0x0000000008000b3c       0x10 ./Drivers/Src/stm32f407xx_rcc_driver.o
                0x0000000008000b3c                RCC_GetPLLOutputClock
 .text.USART_SetBaudRate
                0x0000000008000b4c       0xe4 ./Drivers/Src/stm32f407xx_usart_driver.o
                0x0000000008000b4c                USART_SetBaudRate
 .text.USART_Init
                0x0000000008000c30      0x106 ./Drivers/Src/stm32f407xx_usart_driver.o
                0x0000000008000c30                USART_Init
 .text.USART_PeripheralControl
                0x0000000008000d36       0x38 ./Drivers/Src/stm32f407xx_usart_driver.o
                0x0000000008000d36                USART_PeripheralControl
 *fill*         0x0000000008000d6e        0x2 
 .text.USART_PeriClockControl
                0x0000000008000d70       0xbc ./Drivers/Src/stm32f407xx_usart_driver.o
                0x0000000008000d70                USART_PeriClockControl
 .text.USART_GetFlagStatus
                0x0000000008000e2c       0x2a ./Drivers/Src/stm32f407xx_usart_driver.o
                0x0000000008000e2c                USART_GetFlagStatus
 .text.USART_SendData
                0x0000000008000e56       0xa2 ./Drivers/Src/stm32f407xx_usart_driver.o
                0x0000000008000e56                USART_SendData
 .text.USART_ReceiveDataIT
                0x0000000008000ef8       0x52 ./Drivers/Src/stm32f407xx_usart_driver.o
                0x0000000008000ef8                USART_ReceiveDataIT
 *fill*         0x0000000008000f4a        0x2 
 .text.USART_IRQInterruptConfig
                0x0000000008000f4c      0x10c ./Drivers/Src/stm32f407xx_usart_driver.o
                0x0000000008000f4c                USART_IRQInterruptConfig
 .text.USART_IRQPriorityConfig
                0x0000000008001058       0x54 ./Drivers/Src/stm32f407xx_usart_driver.o
                0x0000000008001058                USART_IRQPriorityConfig
 .text.USART_IRQHandling
                0x00000000080010ac      0x344 ./Drivers/Src/stm32f407xx_usart_driver.o
                0x00000000080010ac                USART_IRQHandling
 .text.main     0x00000000080013f0       0xb4 ./Src/main.o
                0x00000000080013f0                main
 .text.delay    0x00000000080014a4       0x2c ./Src/main.o
                0x00000000080014a4                delay
 .text.GPIO_ButtonInit
                0x00000000080014d0       0xd8 ./Src/main.o
                0x00000000080014d0                GPIO_ButtonInit
 .text.USART2_GPIOInit
                0x00000000080015a8       0x4c ./Src/main.o
                0x00000000080015a8                USART2_GPIOInit
 .text.USART2_Init
                0x00000000080015f4       0x44 ./Src/main.o
                0x00000000080015f4                USART2_Init
 .text.Keypad_Btn_Press
                0x0000000008001638      0x2c0 ./Src/main.o
                0x0000000008001638                Keypad_Btn_Press
 .text.USART2_IRQHandler
                0x00000000080018f8       0x14 ./Src/main.o
                0x00000000080018f8                USART2_IRQHandler
 .text.USART_ApplicationEventCallback
                0x000000000800190c       0x30 ./Src/main.o
                0x000000000800190c                USART_ApplicationEventCallback
 .text.Reset_Handler
                0x000000000800193c       0x50 ./Startup/startup_stm32f407vgtx.o
                0x000000000800193c                Reset_Handler
 .text.Default_Handler
                0x000000000800198c        0x2 ./Startup/startup_stm32f407vgtx.o
                0x000000000800198c                RTC_Alarm_IRQHandler
                0x000000000800198c                HASH_RNG_IRQHandler
                0x000000000800198c                EXTI2_IRQHandler
                0x000000000800198c                TIM8_CC_IRQHandler
                0x000000000800198c                DebugMon_Handler
                0x000000000800198c                TIM1_CC_IRQHandler
                0x000000000800198c                DMA2_Stream5_IRQHandler
                0x000000000800198c                HardFault_Handler
                0x000000000800198c                DMA1_Stream5_IRQHandler
                0x000000000800198c                SysTick_Handler
                0x000000000800198c                PVD_IRQHandler
                0x000000000800198c                SDIO_IRQHandler
                0x000000000800198c                TAMP_STAMP_IRQHandler
                0x000000000800198c                PendSV_Handler
                0x000000000800198c                NMI_Handler
                0x000000000800198c                CAN2_RX1_IRQHandler
                0x000000000800198c                EXTI3_IRQHandler
                0x000000000800198c                TIM8_TRG_COM_TIM14_IRQHandler
                0x000000000800198c                TIM1_UP_TIM10_IRQHandler
                0x000000000800198c                TIM8_UP_TIM13_IRQHandler
                0x000000000800198c                I2C3_ER_IRQHandler
                0x000000000800198c                LCD_TFT_IRQHandler
                0x000000000800198c                EXTI0_IRQHandler
                0x000000000800198c                I2C2_EV_IRQHandler
                0x000000000800198c                DMA1_Stream2_IRQHandler
                0x000000000800198c                CAN1_RX0_IRQHandler
                0x000000000800198c                FPU_IRQHandler
                0x000000000800198c                OTG_HS_WKUP_IRQHandler
                0x000000000800198c                UsageFault_Handler
                0x000000000800198c                CAN2_SCE_IRQHandler
                0x000000000800198c                DMA2_Stream2_IRQHandler
                0x000000000800198c                SPI1_IRQHandler
                0x000000000800198c                TIM6_DAC_IRQHandler
                0x000000000800198c                TIM1_BRK_TIM9_IRQHandler
                0x000000000800198c                DCMI_IRQHandler
                0x000000000800198c                CAN2_RX0_IRQHandler
                0x000000000800198c                DMA2_Stream3_IRQHandler
                0x000000000800198c                USART6_IRQHandler
                0x000000000800198c                USART3_IRQHandler
                0x000000000800198c                CRYP_IRQHandler
                0x000000000800198c                CAN1_RX1_IRQHandler
                0x000000000800198c                UART5_IRQHandler
                0x000000000800198c                DMA2_Stream0_IRQHandler
                0x000000000800198c                TIM4_IRQHandler
                0x000000000800198c                I2C1_EV_IRQHandler
                0x000000000800198c                DMA1_Stream6_IRQHandler
                0x000000000800198c                DMA1_Stream1_IRQHandler
                0x000000000800198c                UART4_IRQHandler
                0x000000000800198c                LCD_TFT_1_IRQHandler
                0x000000000800198c                TIM3_IRQHandler
                0x000000000800198c                RCC_IRQHandler
                0x000000000800198c                TIM8_BRK_TIM12_IRQHandler
                0x000000000800198c                Default_Handler
                0x000000000800198c                EXTI15_10_IRQHandler
                0x000000000800198c                ADC_IRQHandler
                0x000000000800198c                DMA1_Stream7_IRQHandler
                0x000000000800198c                TIM7_IRQHandler
                0x000000000800198c                CAN2_TX_IRQHandler
                0x000000000800198c                TIM5_IRQHandler
                0x000000000800198c                DMA2_Stream7_IRQHandler
                0x000000000800198c                I2C3_EV_IRQHandler
                0x000000000800198c                EXTI9_5_IRQHandler
                0x000000000800198c                RTC_WKUP_IRQHandler
                0x000000000800198c                ETH_WKUP_IRQHandler
                0x000000000800198c                SPI2_IRQHandler
                0x000000000800198c                OTG_HS_EP1_IN_IRQHandler
                0x000000000800198c                MemManage_Handler
                0x000000000800198c                DMA1_Stream0_IRQHandler
                0x000000000800198c                CAN1_TX_IRQHandler
                0x000000000800198c                SVC_Handler
                0x000000000800198c                EXTI4_IRQHandler
                0x000000000800198c                FSMC_IRQHandler
                0x000000000800198c                ETH_IRQHandler
                0x000000000800198c                OTG_HS_EP1_OUT_IRQHandler
                0x000000000800198c                WWDG_IRQHandler
                0x000000000800198c                TIM2_IRQHandler
                0x000000000800198c                OTG_FS_WKUP_IRQHandler
                0x000000000800198c                TIM1_TRG_COM_TIM11_IRQHandler
                0x000000000800198c                OTG_HS_IRQHandler
                0x000000000800198c                EXTI1_IRQHandler
                0x000000000800198c                I2C2_ER_IRQHandler
                0x000000000800198c                DMA2_Stream1_IRQHandler
                0x000000000800198c                CAN1_SCE_IRQHandler
                0x000000000800198c                DMA2_Stream4_IRQHandler
                0x000000000800198c                BusFault_Handler
                0x000000000800198c                USART1_IRQHandler
                0x000000000800198c                OTG_FS_IRQHandler
                0x000000000800198c                SPI3_IRQHandler
                0x000000000800198c                DMA1_Stream4_IRQHandler
                0x000000000800198c                I2C1_ER_IRQHandler
                0x000000000800198c                DMA2_Stream6_IRQHandler
                0x000000000800198c                DMA1_Stream3_IRQHandler
 *fill*         0x000000000800198e        0x2 
 .text.__libc_init_array
                0x0000000008001990       0x48 c:/st/stm32cubeide_1.10.1/stm32cubeide/plugins/com.st.stm32cube.ide.mcu.externaltools.gnu-tools-for-stm32.10.3-2021.10.win32_1.0.200.202301161003/tools/bin/../lib/gcc/arm-none-eabi/10.3.1/../../../../arm-none-eabi/lib/thumb/v7e-m+fp/hard\libc_nano.a(lib_a-init.o)
                0x0000000008001990                __libc_init_array
 *(.glue_7)
 .glue_7        0x00000000080019d8        0x0 linker stubs
 *(.glue_7t)
 .glue_7t       0x00000000080019d8        0x0 linker stubs
 *(.eh_frame)
 .eh_frame      0x00000000080019d8        0x0 c:/st/stm32cubeide_1.10.1/stm32cubeide/plugins/com.st.stm32cube.ide.mcu.externaltools.gnu-tools-for-stm32.10.3-2021.10.win32_1.0.200.202301161003/tools/bin/../lib/gcc/arm-none-eabi/10.3.1/thumb/v7e-m+fp/hard/crtbegin.o
 *(.init)
 .init          0x00000000080019d8        0x4 c:/st/stm32cubeide_1.10.1/stm32cubeide/plugins/com.st.stm32cube.ide.mcu.externaltools.gnu-tools-for-stm32.10.3-2021.10.win32_1.0.200.202301161003/tools/bin/../lib/gcc/arm-none-eabi/10.3.1/thumb/v7e-m+fp/hard/crti.o
                0x00000000080019d8                _init
 .init          0x00000000080019dc        0x8 c:/st/stm32cubeide_1.10.1/stm32cubeide/plugins/com.st.stm32cube.ide.mcu.externaltools.gnu-tools-for-stm32.10.3-2021.10.win32_1.0.200.202301161003/tools/bin/../lib/gcc/arm-none-eabi/10.3.1/thumb/v7e-m+fp/hard/crtn.o
 *(.fini)
 .fini          0x00000000080019e4        0x4 c:/st/stm32cubeide_1.10.1/stm32cubeide/plugins/com.st.stm32cube.ide.mcu.externaltools.gnu-tools-for-stm32.10.3-2021.10.win32_1.0.200.202301161003/tools/bin/../lib/gcc/arm-none-eabi/10.3.1/thumb/v7e-m+fp/hard/crti.o
                0x00000000080019e4                _fini
 .fini          0x00000000080019e8        0x8 c:/st/stm32cubeide_1.10.1/stm32cubeide/plugins/com.st.stm32cube.ide.mcu.externaltools.gnu-tools-for-stm32.10.3-2021.10.win32_1.0.200.202301161003/tools/bin/../lib/gcc/arm-none-eabi/10.3.1/thumb/v7e-m+fp/hard/crtn.o
                0x00000000080019f0                . = ALIGN (0x4)
                0x00000000080019f0                _etext = .

.vfp11_veneer   0x00000000080019f0        0x0
 .vfp11_veneer  0x00000000080019f0        0x0 linker stubs

.v4_bx          0x00000000080019f0        0x0
 .v4_bx         0x00000000080019f0        0x0 linker stubs

.iplt           0x00000000080019f0        0x0
 .iplt          0x00000000080019f0        0x0 c:/st/stm32cubeide_1.10.1/stm32cubeide/plugins/com.st.stm32cube.ide.mcu.externaltools.gnu-tools-for-stm32.10.3-2021.10.win32_1.0.200.202301161003/tools/bin/../lib/gcc/arm-none-eabi/10.3.1/thumb/v7e-m+fp/hard/crtbegin.o

.rel.dyn        0x00000000080019f0        0x0
 .rel.iplt      0x00000000080019f0        0x0 c:/st/stm32cubeide_1.10.1/stm32cubeide/plugins/com.st.stm32cube.ide.mcu.externaltools.gnu-tools-for-stm32.10.3-2021.10.win32_1.0.200.202301161003/tools/bin/../lib/gcc/arm-none-eabi/10.3.1/thumb/v7e-m+fp/hard/crtbegin.o

.rodata         0x00000000080019f0        0x0
                0x00000000080019f0                . = ALIGN (0x4)
 *(.rodata)
 *(.rodata*)
                0x00000000080019f0                . = ALIGN (0x4)

.ARM.extab      0x00000000080019f0        0x0
                0x00000000080019f0                . = ALIGN (0x4)
 *(.ARM.extab* .gnu.linkonce.armextab.*)
                0x00000000080019f0                . = ALIGN (0x4)

.ARM            0x00000000080019f0        0x0
                0x00000000080019f0                . = ALIGN (0x4)
                0x00000000080019f0                __exidx_start = .
 *(.ARM.exidx*)
                0x00000000080019f0                __exidx_end = .
                0x00000000080019f0                . = ALIGN (0x4)

.preinit_array  0x00000000080019f0        0x0
                0x00000000080019f0                . = ALIGN (0x4)
                0x00000000080019f0                PROVIDE (__preinit_array_start = .)
 *(.preinit_array*)
                0x00000000080019f0                PROVIDE (__preinit_array_end = .)
                0x00000000080019f0                . = ALIGN (0x4)

.init_array     0x00000000080019f0        0x4
                0x00000000080019f0                . = ALIGN (0x4)
                0x00000000080019f0                PROVIDE (__init_array_start = .)
 *(SORT_BY_NAME(.init_array.*))
 *(.init_array*)
 .init_array    0x00000000080019f0        0x4 c:/st/stm32cubeide_1.10.1/stm32cubeide/plugins/com.st.stm32cube.ide.mcu.externaltools.gnu-tools-for-stm32.10.3-2021.10.win32_1.0.200.202301161003/tools/bin/../lib/gcc/arm-none-eabi/10.3.1/thumb/v7e-m+fp/hard/crtbegin.o
                0x00000000080019f4                PROVIDE (__init_array_end = .)
                0x00000000080019f4                . = ALIGN (0x4)

.fini_array     0x00000000080019f4        0x4
                0x00000000080019f4                . = ALIGN (0x4)
                [!provide]                        PROVIDE (__fini_array_start = .)
 *(SORT_BY_NAME(.fini_array.*))
 *(.fini_array*)
 .fini_array    0x00000000080019f4        0x4 c:/st/stm32cubeide_1.10.1/stm32cubeide/plugins/com.st.stm32cube.ide.mcu.externaltools.gnu-tools-for-stm32.10.3-2021.10.win32_1.0.200.202301161003/tools/bin/../lib/gcc/arm-none-eabi/10.3.1/thumb/v7e-m+fp/hard/crtbegin.o
                [!provide]                        PROVIDE (__fini_array_end = .)
                0x00000000080019f8                . = ALIGN (0x4)
                0x00000000080019f8                _sidata = LOADADDR (.data)

.data           0x0000000020000000       0x14 load address 0x00000000080019f8
                0x0000000020000000                . = ALIGN (0x4)
                0x0000000020000000                _sdata = .
 *(.data)
 *(.data*)
 .data.AHB_PreScaler
                0x0000000020000000       0x10 ./Drivers/Src/stm32f407xx_rcc_driver.o
                0x0000000020000000                AHB_PreScaler
 .data.APB1_PreScaler
                0x0000000020000010        0x4 ./Drivers/Src/stm32f407xx_rcc_driver.o
                0x0000000020000010                APB1_PreScaler
 *(.RamFunc)
 *(.RamFunc*)
                0x0000000020000014                . = ALIGN (0x4)
                0x0000000020000014                _edata = .
                0x0000000008001a0c                _siccmram = LOADADDR (.ccmram)

.igot.plt       0x0000000020000014        0x0 load address 0x0000000008001a0c
 .igot.plt      0x0000000020000014        0x0 c:/st/stm32cubeide_1.10.1/stm32cubeide/plugins/com.st.stm32cube.ide.mcu.externaltools.gnu-tools-for-stm32.10.3-2021.10.win32_1.0.200.202301161003/tools/bin/../lib/gcc/arm-none-eabi/10.3.1/thumb/v7e-m+fp/hard/crtbegin.o

.ccmram         0x0000000010000000        0x0 load address 0x0000000008001a0c
                0x0000000010000000                . = ALIGN (0x4)
                0x0000000010000000                _sccmram = .
 *(.ccmram)
 *(.ccmram*)
                0x0000000010000000                . = ALIGN (0x4)
                0x0000000010000000                _eccmram = .
                0x0000000010000000                . = ALIGN (0x4)

.bss            0x0000000020000014       0x48
                0x0000000020000014                _sbss = .
                0x0000000020000014                __bss_start__ = _sbss
 *(.bss)
 .bss           0x0000000020000014       0x1c c:/st/stm32cubeide_1.10.1/stm32cubeide/plugins/com.st.stm32cube.ide.mcu.externaltools.gnu-tools-for-stm32.10.3-2021.10.win32_1.0.200.202301161003/tools/bin/../lib/gcc/arm-none-eabi/10.3.1/thumb/v7e-m+fp/hard/crtbegin.o
 *(.bss*)
 .bss.usart2_handle
                0x0000000020000030       0x24 ./Src/main.o
                0x0000000020000030                usart2_handle
 .bss.mssg      0x0000000020000054        0x1 ./Src/main.o
                0x0000000020000054                mssg
 .bss.BtnPrsd   0x0000000020000055        0x1 ./Src/main.o
                0x0000000020000055                BtnPrsd
 *fill*         0x0000000020000056        0x2 
 .bss.msg       0x0000000020000058        0x1 ./Src/main.o
                0x0000000020000058                msg
 *(COMMON)
                0x000000002000005c                . = ALIGN (0x4)
 *fill*         0x0000000020000059        0x3 
                0x000000002000005c                _ebss = .
                0x000000002000005c                __bss_end__ = _ebss

._user_heap_stack
                0x000000002000005c      0x604
                0x0000000020000060                . = ALIGN (0x8)
 *fill*         0x000000002000005c        0x4 
                [!provide]                        PROVIDE (end = .)
                0x0000000020000060                PROVIDE (_end = .)
                0x0000000020000260                . = (. + _Min_Heap_Size)
 *fill*         0x0000000020000060      0x200 
                0x0000000020000660                . = (. + _Min_Stack_Size)
 *fill*         0x0000000020000260      0x400 
                0x0000000020000660                . = ALIGN (0x8)

/DISCARD/
 libc.a(*)
 libm.a(*)
 libgcc.a(*)

.ARM.attributes
                0x0000000000000000       0x30
 *(.ARM.attributes)
 .ARM.attributes
                0x0000000000000000       0x1e c:/st/stm32cubeide_1.10.1/stm32cubeide/plugins/com.st.stm32cube.ide.mcu.externaltools.gnu-tools-for-stm32.10.3-2021.10.win32_1.0.200.202301161003/tools/bin/../lib/gcc/arm-none-eabi/10.3.1/thumb/v7e-m+fp/hard/crti.o
 .ARM.attributes
                0x000000000000001e       0x34 c:/st/stm32cubeide_1.10.1/stm32cubeide/plugins/com.st.stm32cube.ide.mcu.externaltools.gnu-tools-for-stm32.10.3-2021.10.win32_1.0.200.202301161003/tools/bin/../lib/gcc/arm-none-eabi/10.3.1/thumb/v7e-m+fp/hard/crtbegin.o
 .ARM.attributes
                0x0000000000000052       0x34 ./Drivers/Src/LCD_Source_file.o
 .ARM.attributes
                0x0000000000000086       0x34 ./Drivers/Src/stm32f407xx_gpio_driver.o
 .ARM.attributes
                0x00000000000000ba       0x34 ./Drivers/Src/stm32f407xx_rcc_driver.o
 .ARM.attributes
                0x00000000000000ee       0x34 ./Drivers/Src/stm32f407xx_usart_driver.o
 .ARM.attributes
                0x0000000000000122       0x34 ./Src/main.o
 .ARM.attributes
                0x0000000000000156       0x21 ./Startup/startup_stm32f407vgtx.o
 .ARM.attributes
                0x0000000000000177       0x34 c:/st/stm32cubeide_1.10.1/stm32cubeide/plugins/com.st.stm32cube.ide.mcu.externaltools.gnu-tools-for-stm32.10.3-2021.10.win32_1.0.200.202301161003/tools/bin/../lib/gcc/arm-none-eabi/10.3.1/../../../../arm-none-eabi/lib/thumb/v7e-m+fp/hard\libc_nano.a(lib_a-init.o)
 .ARM.attributes
                0x00000000000001ab       0x1e c:/st/stm32cubeide_1.10.1/stm32cubeide/plugins/com.st.stm32cube.ide.mcu.externaltools.gnu-tools-for-stm32.10.3-2021.10.win32_1.0.200.202301161003/tools/bin/../lib/gcc/arm-none-eabi/10.3.1/thumb/v7e-m+fp/hard/crtn.o
OUTPUT(FINAL_PROJECT_CODE.elf elf32-littlearm)
LOAD linker stubs
LOAD c:/st/stm32cubeide_1.10.1/stm32cubeide/plugins/com.st.stm32cube.ide.mcu.externaltools.gnu-tools-for-stm32.10.3-2021.10.win32_1.0.200.202301161003/tools/bin/../lib/gcc/arm-none-eabi/10.3.1/../../../../arm-none-eabi/lib/thumb/v7e-m+fp/hard\libc.a
LOAD c:/st/stm32cubeide_1.10.1/stm32cubeide/plugins/com.st.stm32cube.ide.mcu.externaltools.gnu-tools-for-stm32.10.3-2021.10.win32_1.0.200.202301161003/tools/bin/../lib/gcc/arm-none-eabi/10.3.1/../../../../arm-none-eabi/lib/thumb/v7e-m+fp/hard\libm.a
LOAD c:/st/stm32cubeide_1.10.1/stm32cubeide/plugins/com.st.stm32cube.ide.mcu.externaltools.gnu-tools-for-stm32.10.3-2021.10.win32_1.0.200.202301161003/tools/bin/../lib/gcc/arm-none-eabi/10.3.1/thumb/v7e-m+fp/hard\libgcc.a

.debug_info     0x0000000000000000     0x1def
 .debug_info    0x0000000000000000      0x378 ./Drivers/Src/LCD_Source_file.o
 .debug_info    0x0000000000000378      0x7b8 ./Drivers/Src/stm32f407xx_gpio_driver.o
 .debug_info    0x0000000000000b30      0x3e3 ./Drivers/Src/stm32f407xx_rcc_driver.o
 .debug_info    0x0000000000000f13      0x877 ./Drivers/Src/stm32f407xx_usart_driver.o
 .debug_info    0x000000000000178a      0x643 ./Src/main.o
 .debug_info    0x0000000000001dcd       0x22 ./Startup/startup_stm32f407vgtx.o

.debug_abbrev   0x0000000000000000      0x82a
 .debug_abbrev  0x0000000000000000      0x148 ./Drivers/Src/LCD_Source_file.o
 .debug_abbrev  0x0000000000000148      0x173 ./Drivers/Src/stm32f407xx_gpio_driver.o
 .debug_abbrev  0x00000000000002bb      0x111 ./Drivers/Src/stm32f407xx_rcc_driver.o
 .debug_abbrev  0x00000000000003cc      0x22c ./Drivers/Src/stm32f407xx_usart_driver.o
 .debug_abbrev  0x00000000000005f8      0x220 ./Src/main.o
 .debug_abbrev  0x0000000000000818       0x12 ./Startup/startup_stm32f407vgtx.o

.debug_aranges  0x0000000000000000      0x1f0
 .debug_aranges
                0x0000000000000000       0x48 ./Drivers/Src/LCD_Source_file.o
 .debug_aranges
                0x0000000000000048       0x70 ./Drivers/Src/stm32f407xx_gpio_driver.o
 .debug_aranges
                0x00000000000000b8       0x30 ./Drivers/Src/stm32f407xx_rcc_driver.o
 .debug_aranges
                0x00000000000000e8       0x88 ./Drivers/Src/stm32f407xx_usart_driver.o
 .debug_aranges
                0x0000000000000170       0x58 ./Src/main.o
 .debug_aranges
                0x00000000000001c8       0x28 ./Startup/startup_stm32f407vgtx.o

.debug_ranges   0x0000000000000000      0x198
 .debug_ranges  0x0000000000000000       0x38 ./Drivers/Src/LCD_Source_file.o
 .debug_ranges  0x0000000000000038       0x60 ./Drivers/Src/stm32f407xx_gpio_driver.o
 .debug_ranges  0x0000000000000098       0x20 ./Drivers/Src/stm32f407xx_rcc_driver.o
 .debug_ranges  0x00000000000000b8       0x78 ./Drivers/Src/stm32f407xx_usart_driver.o
 .debug_ranges  0x0000000000000130       0x48 ./Src/main.o
 .debug_ranges  0x0000000000000178       0x20 ./Startup/startup_stm32f407vgtx.o

.debug_macro    0x0000000000000000     0x2f2e
 .debug_macro   0x0000000000000000       0xd1 ./Drivers/Src/LCD_Source_file.o
 .debug_macro   0x00000000000000d1      0xa84 ./Drivers/Src/LCD_Source_file.o
 .debug_macro   0x0000000000000b55      0x174 ./Drivers/Src/LCD_Source_file.o
 .debug_macro   0x0000000000000cc9       0x22 ./Drivers/Src/LCD_Source_file.o
 .debug_macro   0x0000000000000ceb       0x8e ./Drivers/Src/LCD_Source_file.o
 .debug_macro   0x0000000000000d79       0x51 ./Drivers/Src/LCD_Source_file.o
 .debug_macro   0x0000000000000dca      0x103 ./Drivers/Src/LCD_Source_file.o
 .debug_macro   0x0000000000000ecd       0x6a ./Drivers/Src/LCD_Source_file.o
 .debug_macro   0x0000000000000f37      0x1df ./Drivers/Src/LCD_Source_file.o
 .debug_macro   0x0000000000001116      0x73e ./Drivers/Src/LCD_Source_file.o
 .debug_macro   0x0000000000001854       0xc4 ./Drivers/Src/LCD_Source_file.o
 .debug_macro   0x0000000000001918       0xc4 ./Drivers/Src/LCD_Source_file.o
 .debug_macro   0x00000000000019dc       0xee ./Drivers/Src/LCD_Source_file.o
 .debug_macro   0x0000000000001aca      0x106 ./Drivers/Src/LCD_Source_file.o
 .debug_macro   0x0000000000001bd0       0xd7 ./Drivers/Src/stm32f407xx_gpio_driver.o
 .debug_macro   0x0000000000001ca7       0xbe ./Drivers/Src/stm32f407xx_gpio_driver.o
 .debug_macro   0x0000000000001d65       0xd1 ./Drivers/Src/stm32f407xx_rcc_driver.o
 .debug_macro   0x0000000000001e36       0xd7 ./Drivers/Src/stm32f407xx_usart_driver.o
 .debug_macro   0x0000000000001f0d      0x100 ./Drivers/Src/stm32f407xx_usart_driver.o
 .debug_macro   0x000000000000200d      0x22a ./Src/main.o
 .debug_macro   0x0000000000002237       0x4c ./Src/main.o
 .debug_macro   0x0000000000002283       0x1e ./Src/main.o
 .debug_macro   0x00000000000022a1       0x94 ./Src/main.o
 .debug_macro   0x0000000000002335       0x3c ./Src/main.o
 .debug_macro   0x0000000000002371       0x34 ./Src/main.o
 .debug_macro   0x00000000000023a5       0x16 ./Src/main.o
 .debug_macro   0x00000000000023bb       0x57 ./Src/main.o
 .debug_macro   0x0000000000002412       0x97 ./Src/main.o
 .debug_macro   0x00000000000024a9      0x341 ./Src/main.o
 .debug_macro   0x00000000000027ea       0xfd ./Src/main.o
 .debug_macro   0x00000000000028e7       0x10 ./Src/main.o
 .debug_macro   0x00000000000028f7       0x16 ./Src/main.o
 .debug_macro   0x000000000000290d       0x43 ./Src/main.o
 .debug_macro   0x0000000000002950       0x34 ./Src/main.o
 .debug_macro   0x0000000000002984       0x10 ./Src/main.o
 .debug_macro   0x0000000000002994       0x58 ./Src/main.o
 .debug_macro   0x00000000000029ec       0x71 ./Src/main.o
 .debug_macro   0x0000000000002a5d       0x1c ./Src/main.o
 .debug_macro   0x0000000000002a79      0x12a ./Src/main.o
 .debug_macro   0x0000000000002ba3       0x10 ./Src/main.o
 .debug_macro   0x0000000000002bb3       0x1c ./Src/main.o
 .debug_macro   0x0000000000002bcf       0x52 ./Src/main.o
 .debug_macro   0x0000000000002c21       0x22 ./Src/main.o
 .debug_macro   0x0000000000002c43       0x10 ./Src/main.o
 .debug_macro   0x0000000000002c53       0x52 ./Src/main.o
 .debug_macro   0x0000000000002ca5       0xd5 ./Src/main.o
 .debug_macro   0x0000000000002d7a       0x1c ./Src/main.o
 .debug_macro   0x0000000000002d96       0x3d ./Src/main.o
 .debug_macro   0x0000000000002dd3       0x16 ./Src/main.o
 .debug_macro   0x0000000000002de9      0x145 ./Src/main.o

.debug_line     0x0000000000000000     0x2a23
 .debug_line    0x0000000000000000      0x605 ./Drivers/Src/LCD_Source_file.o
 .debug_line    0x0000000000000605      0xa2a ./Drivers/Src/stm32f407xx_gpio_driver.o
 .debug_line    0x000000000000102f      0x57e ./Drivers/Src/stm32f407xx_rcc_driver.o
 .debug_line    0x00000000000015ad      0xaf4 ./Drivers/Src/stm32f407xx_usart_driver.o
 .debug_line    0x00000000000020a1      0x8fe ./Src/main.o
 .debug_line    0x000000000000299f       0x84 ./Startup/startup_stm32f407vgtx.o

.debug_str      0x0000000000000000     0xb108
 .debug_str     0x0000000000000000     0x6ccb ./Drivers/Src/LCD_Source_file.o
                                       0x6ecf (size before relaxing)
 .debug_str     0x0000000000006ccb      0x2a0 ./Drivers/Src/stm32f407xx_gpio_driver.o
                                       0x7112 (size before relaxing)
 .debug_str     0x0000000000006f6b       0xc1 ./Drivers/Src/stm32f407xx_rcc_driver.o
                                       0x6f52 (size before relaxing)
 .debug_str     0x000000000000702c      0x286 ./Drivers/Src/stm32f407xx_usart_driver.o
                                       0x7187 (size before relaxing)
 .debug_str     0x00000000000072b2     0x3e25 ./Src/main.o
                                       0xae63 (size before relaxing)
 .debug_str     0x000000000000b0d7       0x31 ./Startup/startup_stm32f407vgtx.o
                                         0x77 (size before relaxing)

.comment        0x0000000000000000       0x50
 .comment       0x0000000000000000       0x50 ./Drivers/Src/LCD_Source_file.o
                                         0x51 (size before relaxing)
 .comment       0x0000000000000050       0x51 ./Drivers/Src/stm32f407xx_gpio_driver.o
 .comment       0x0000000000000050       0x51 ./Drivers/Src/stm32f407xx_rcc_driver.o
 .comment       0x0000000000000050       0x51 ./Drivers/Src/stm32f407xx_usart_driver.o
 .comment       0x0000000000000050       0x51 ./Src/main.o

.debug_frame    0x0000000000000000      0x69c
 .debug_frame   0x0000000000000000       0xe4 ./Drivers/Src/LCD_Source_file.o
 .debug_frame   0x00000000000000e4      0x1c8 ./Drivers/Src/stm32f407xx_gpio_driver.o
 .debug_frame   0x00000000000002ac       0x7c ./Drivers/Src/stm32f407xx_rcc_driver.o
 .debug_frame   0x0000000000000328      0x230 ./Drivers/Src/stm32f407xx_usart_driver.o
 .debug_frame   0x0000000000000558      0x118 ./Src/main.o
 .debug_frame   0x0000000000000670       0x2c c:/st/stm32cubeide_1.10.1/stm32cubeide/plugins/com.st.stm32cube.ide.mcu.externaltools.gnu-tools-for-stm32.10.3-2021.10.win32_1.0.200.202301161003/tools/bin/../lib/gcc/arm-none-eabi/10.3.1/../../../../arm-none-eabi/lib/thumb/v7e-m+fp/hard\libc_nano.a(lib_a-init.o)
