../Drivers/Src/stm32f407xx_usart_driver.c:11:6:USART_SetBaudRate	40	static
../Drivers/Src/stm32f407xx_usart_driver.c:76:6:USART_Init	24	static
../Drivers/Src/stm32f407xx_usart_driver.c:172:6:USART_PeripheralControl	16	static
../Drivers/Src/stm32f407xx_usart_driver.c:184:6:USART_PeriClockControl	16	static
../Drivers/Src/stm32f407xx_usart_driver.c:219:9:USART_GetFlagStatus	16	static
../Drivers/Src/stm32f407xx_usart_driver.c:234:6:USART_SendData	32	static
../Drivers/Src/stm32f407xx_usart_driver.c:285:6:USART_ReceiveData	32	static
../Drivers/Src/stm32f407xx_usart_driver.c:349:9:USART_SendDataIT	32	static
../Drivers/Src/stm32f407xx_usart_driver.c:374:9:USART_ReceiveDataIT	32	static
../Drivers/Src/stm32f407xx_usart_driver.c:399:6:USART_ClearFlag	16	static
../Drivers/Src/stm32f407xx_usart_driver.c:409:6:USART_IRQInterruptConfig	16	static
../Drivers/Src/stm32f407xx_usart_driver.c:454:6:USART_IRQPriorityConfig	24	static
../Drivers/Src/stm32f407xx_usart_driver.c:470:6:USART_IRQHandling	32	static
../Drivers/Src/stm32f407xx_usart_driver.c:764:13:USART_ApplicationEventCallback	16	static
